Archive member included to satisfy reference by file (symbol)

/opt/st/stm32cubeide_1.18.0/plugins/com.st.stm32cube.ide.mcu.externaltools.gnu-tools-for-stm32.13.3.rel1.linux64_1.0.0.202410170706/tools/bin/../lib/gcc/arm-none-eabi/13.3.1/../../../../arm-none-eabi/lib/thumb/v7e-m+fp/hard/libc_nano.a(libc_a-exit.o)
                              /opt/st/stm32cubeide_1.18.0/plugins/com.st.stm32cube.ide.mcu.externaltools.gnu-tools-for-stm32.13.3.rel1.linux64_1.0.0.202410170706/tools/bin/../lib/gcc/arm-none-eabi/13.3.1/../../../../arm-none-eabi/lib/thumb/v7e-m+fp/hard/crt0.o (exit)
/opt/st/stm32cubeide_1.18.0/plugins/com.st.stm32cube.ide.mcu.externaltools.gnu-tools-for-stm32.13.3.rel1.linux64_1.0.0.202410170706/tools/bin/../lib/gcc/arm-none-eabi/13.3.1/../../../../arm-none-eabi/lib/thumb/v7e-m+fp/hard/libc_nano.a(libc_a-findfp.o)
                              ./Middlewares/Third_Party/FreeRTOS/Source/tasks.o (__sf)
/opt/st/stm32cubeide_1.18.0/plugins/com.st.stm32cube.ide.mcu.externaltools.gnu-tools-for-stm32.13.3.rel1.linux64_1.0.0.202410170706/tools/bin/../lib/gcc/arm-none-eabi/13.3.1/../../../../arm-none-eabi/lib/thumb/v7e-m+fp/hard/libc_nano.a(libc_a-fwalk.o)
                              /opt/st/stm32cubeide_1.18.0/plugins/com.st.stm32cube.ide.mcu.externaltools.gnu-tools-for-stm32.13.3.rel1.linux64_1.0.0.202410170706/tools/bin/../lib/gcc/arm-none-eabi/13.3.1/../../../../arm-none-eabi/lib/thumb/v7e-m+fp/hard/libc_nano.a(libc_a-findfp.o) (_fwalk_sglue)
/opt/st/stm32cubeide_1.18.0/plugins/com.st.stm32cube.ide.mcu.externaltools.gnu-tools-for-stm32.13.3.rel1.linux64_1.0.0.202410170706/tools/bin/../lib/gcc/arm-none-eabi/13.3.1/../../../../arm-none-eabi/lib/thumb/v7e-m+fp/hard/libc_nano.a(libc_a-stdio.o)
                              /opt/st/stm32cubeide_1.18.0/plugins/com.st.stm32cube.ide.mcu.externaltools.gnu-tools-for-stm32.13.3.rel1.linux64_1.0.0.202410170706/tools/bin/../lib/gcc/arm-none-eabi/13.3.1/../../../../arm-none-eabi/lib/thumb/v7e-m+fp/hard/libc_nano.a(libc_a-findfp.o) (__sread)
/opt/st/stm32cubeide_1.18.0/plugins/com.st.stm32cube.ide.mcu.externaltools.gnu-tools-for-stm32.13.3.rel1.linux64_1.0.0.202410170706/tools/bin/../lib/gcc/arm-none-eabi/13.3.1/../../../../arm-none-eabi/lib/thumb/v7e-m+fp/hard/libc_nano.a(libc_a-memset.o)
                              /opt/st/stm32cubeide_1.18.0/plugins/com.st.stm32cube.ide.mcu.externaltools.gnu-tools-for-stm32.13.3.rel1.linux64_1.0.0.202410170706/tools/bin/../lib/gcc/arm-none-eabi/13.3.1/../../../../arm-none-eabi/lib/thumb/v7e-m+fp/hard/crt0.o (memset)
/opt/st/stm32cubeide_1.18.0/plugins/com.st.stm32cube.ide.mcu.externaltools.gnu-tools-for-stm32.13.3.rel1.linux64_1.0.0.202410170706/tools/bin/../lib/gcc/arm-none-eabi/13.3.1/../../../../arm-none-eabi/lib/thumb/v7e-m+fp/hard/libc_nano.a(libc_a-closer.o)
                              /opt/st/stm32cubeide_1.18.0/plugins/com.st.stm32cube.ide.mcu.externaltools.gnu-tools-for-stm32.13.3.rel1.linux64_1.0.0.202410170706/tools/bin/../lib/gcc/arm-none-eabi/13.3.1/../../../../arm-none-eabi/lib/thumb/v7e-m+fp/hard/libc_nano.a(libc_a-stdio.o) (_close_r)
/opt/st/stm32cubeide_1.18.0/plugins/com.st.stm32cube.ide.mcu.externaltools.gnu-tools-for-stm32.13.3.rel1.linux64_1.0.0.202410170706/tools/bin/../lib/gcc/arm-none-eabi/13.3.1/../../../../arm-none-eabi/lib/thumb/v7e-m+fp/hard/libc_nano.a(libc_a-reent.o)
                              ./Middlewares/Third_Party/FreeRTOS/Source/tasks.o (_reclaim_reent)
/opt/st/stm32cubeide_1.18.0/plugins/com.st.stm32cube.ide.mcu.externaltools.gnu-tools-for-stm32.13.3.rel1.linux64_1.0.0.202410170706/tools/bin/../lib/gcc/arm-none-eabi/13.3.1/../../../../arm-none-eabi/lib/thumb/v7e-m+fp/hard/libc_nano.a(libc_a-impure.o)
                              ./Middlewares/Third_Party/FreeRTOS/Source/tasks.o (_impure_ptr)
/opt/st/stm32cubeide_1.18.0/plugins/com.st.stm32cube.ide.mcu.externaltools.gnu-tools-for-stm32.13.3.rel1.linux64_1.0.0.202410170706/tools/bin/../lib/gcc/arm-none-eabi/13.3.1/../../../../arm-none-eabi/lib/thumb/v7e-m+fp/hard/libc_nano.a(libc_a-lseekr.o)
                              /opt/st/stm32cubeide_1.18.0/plugins/com.st.stm32cube.ide.mcu.externaltools.gnu-tools-for-stm32.13.3.rel1.linux64_1.0.0.202410170706/tools/bin/../lib/gcc/arm-none-eabi/13.3.1/../../../../arm-none-eabi/lib/thumb/v7e-m+fp/hard/libc_nano.a(libc_a-stdio.o) (_lseek_r)
/opt/st/stm32cubeide_1.18.0/plugins/com.st.stm32cube.ide.mcu.externaltools.gnu-tools-for-stm32.13.3.rel1.linux64_1.0.0.202410170706/tools/bin/../lib/gcc/arm-none-eabi/13.3.1/../../../../arm-none-eabi/lib/thumb/v7e-m+fp/hard/libc_nano.a(libc_a-readr.o)
                              /opt/st/stm32cubeide_1.18.0/plugins/com.st.stm32cube.ide.mcu.externaltools.gnu-tools-for-stm32.13.3.rel1.linux64_1.0.0.202410170706/tools/bin/../lib/gcc/arm-none-eabi/13.3.1/../../../../arm-none-eabi/lib/thumb/v7e-m+fp/hard/libc_nano.a(libc_a-stdio.o) (_read_r)
[...]
Memory Configuration

Name             Origin             Length             Attributes
RAM              0x20000000         0x000a0000         xrw
RAM2             0x10000000         0x00010000         xrw
RAM3             0x20040000         0x00060000         xrw
FLASH            0x08000000         0x00200000         xr
*default*        0x00000000         0xffffffff

Linker script and memory map

LOAD /opt/st/stm32cubeide_1.18.0/plugins/com.st.stm32cube.ide.mcu.externaltools.gnu-tools-for-stm32.13.3.rel1.linux64_1.0.0.202410170706/tools/bin/../lib/gcc/arm-none-eabi/13.3.1/thumb/v7e-m+fp/hard/crti.o
LOAD /opt/st/stm32cubeide_1.18.0/plugins/com.st.stm32cube.ide.mcu.externaltools.gnu-tools-for-stm32.13.3.rel1.linux64_1.0.0.202410170706/tools/bin/../lib/gcc/arm-none-eabi/13.3.1/thumb/v7e-m+fp/hard/crtbegin.o
LOAD /opt/st/stm32cubeide_1.18.0/plugins/com.st.stm32cube.ide.mcu.externaltools.gnu-tools-for-stm32.13.3.rel1.linux64_1.0.0.202410170706/tools/bin/../lib/gcc/arm-none-eabi/13.3.1/../../../../arm-none-eabi/lib/thumb/v7e-m+fp/hard/crt0.o
LOAD ./Core/Src/freertos.o
LOAD ./Core/Src/main.o
LOAD ./Core/Src/stm32l4xx_hal_msp.o
LOAD ./Core/Src/stm32l4xx_hal_timebase_tim.o
LOAD ./Core/Src/stm32l4xx_it.o
LOAD ./Core/Src/syscalls.o
LOAD ./Core/Src/sysmem.o
LOAD ./Core/Src/system_stm32l4xx.o
LOAD ./Core/Startup/startup_stm32l4s5vitx.o
LOAD ./Drivers/STM32L4xx_HAL_Driver/Src/stm32l4xx_hal.o
LOAD ./Drivers/STM32L4xx_HAL_Driver/Src/stm32l4xx_hal_adc.o
LOAD ./Drivers/STM32L4xx_HAL_Driver/Src/stm32l4xx_hal_adc_ex.o
LOAD ./Drivers/STM32L4xx_HAL_Driver/Src/stm32l4xx_hal_cortex.o
LOAD ./Drivers/STM32L4xx_HAL_Driver/Src/stm32l4xx_hal_dfsdm.o
LOAD ./Drivers/STM32L4xx_HAL_Driver/Src/stm32l4xx_hal_dfsdm_ex.o
LOAD ./Drivers/STM32L4xx_HAL_Driver/Src/stm32l4xx_hal_dma.o
LOAD ./Drivers/STM32L4xx_HAL_Driver/Src/stm32l4xx_hal_dma_ex.o
LOAD ./Drivers/STM32L4xx_HAL_Driver/Src/stm32l4xx_hal_exti.o
LOAD ./Drivers/STM32L4xx_HAL_Driver/Src/stm32l4xx_hal_flash.o
LOAD ./Drivers/STM32L4xx_HAL_Driver/Src/stm32l4xx_hal_flash_ex.o
LOAD ./Drivers/STM32L4xx_HAL_Driver/Src/stm32l4xx_hal_flash_ramfunc.o
LOAD ./Drivers/STM32L4xx_HAL_Driver/Src/stm32l4xx_hal_gpio.o
LOAD ./Drivers/STM32L4xx_HAL_Driver/Src/stm32l4xx_hal_i2c.o
LOAD ./Drivers/STM32L4xx_HAL_Driver/Src/stm32l4xx_hal_i2c_ex.o
LOAD ./Drivers/STM32L4xx_HAL_Driver/Src/stm32l4xx_hal_ospi.o
LOAD ./Drivers/STM32L4xx_HAL_Driver/Src/stm32l4xx_hal_pwr.o
LOAD ./Drivers/STM32L4xx_HAL_Driver/Src/stm32l4xx_hal_pwr_ex.o
LOAD ./Drivers/STM32L4xx_HAL_Driver/Src/stm32l4xx_hal_rcc.o
LOAD ./Drivers/STM32L4xx_HAL_Driver/Src/stm32l4xx_hal_rcc_ex.o
LOAD ./Drivers/STM32L4xx_HAL_Driver/Src/stm32l4xx_hal_spi.o
LOAD ./Drivers/STM32L4xx_HAL_Driver/Src/stm32l4xx_hal_spi_ex.o
LOAD ./Drivers/STM32L4xx_HAL_Driver/Src/stm32l4xx_hal_tim.o
LOAD ./Drivers/STM32L4xx_HAL_Driver/Src/stm32l4xx_hal_tim_ex.o
LOAD ./Drivers/STM32L4xx_HAL_Driver/Src/stm32l4xx_hal_uart.o
LOAD ./Drivers/STM32L4xx_HAL_Driver/Src/stm32l4xx_hal_uart_ex.o
LOAD ./Middlewares/Third_Party/FreeRTOS/Source/CMSIS_RTOS_V2/cmsis_os2.o
LOAD ./Middlewares/Third_Party/FreeRTOS/Source/croutine.o
LOAD ./Middlewares/Third_Party/FreeRTOS/Source/event_groups.o
LOAD ./Middlewares/Third_Party/FreeRTOS/Source/list.o
LOAD ./Middlewares/Third_Party/FreeRTOS/Source/queue.o
LOAD ./Middlewares/Third_Party/FreeRTOS/Source/stream_buffer.o
LOAD ./Middlewares/Third_Party/FreeRTOS/Source/tasks.o
LOAD ./Middlewares/Third_Party/FreeRTOS/Source/timers.o
LOAD ./Middlewares/Third_Party/FreeRTOS/Source/portable/GCC/ARM_CM4F/port.o
LOAD ./Middlewares/Third_Party/FreeRTOS/Source/portable/MemMang/heap_4.o
START GROUP
LOAD /opt/st/stm32cubeide_1.18.0/plugins/com.st.stm32cube.ide.mcu.externaltools.gnu-tools-for-stm32.13.3.rel1.linux64_1.0.0.202410170706/tools/bin/../lib/gcc/arm-none-eabi/13.3.1/../../../../arm-none-eabi/lib/thumb/v7e-m+fp/hard/libc_nano.a
LOAD /opt/st/stm32cubeide_1.18.0/plugins/com.st.stm32cube.ide.mcu.externaltools.gnu-tools-for-stm32.13.3.rel1.linux64_1.0.0.202410170706/tools/bin/../lib/gcc/arm-none-eabi/13.3.1/../../../../arm-none-eabi/lib/thumb/v7e-m+fp/hard/libm.a
END GROUP
START GROUP
LOAD /opt/st/stm32cubeide_1.18.0/plugins/com.st.stm32cube.ide.mcu.externaltools.gnu-tools-for-stm32.13.3.rel1.linux64_1.0.0.202410170706/tools/bin/../lib/gcc/arm-none-eabi/13.3.1/thumb/v7e-m+fp/hard/libgcc.a
LOAD /opt/st/stm32cubeide_1.18.0/plugins/com.st.stm32cube.ide.mcu.externaltools.gnu-tools-for-stm32.13.3.rel1.linux64_1.0.0.202410170706/tools/bin/../lib/gcc/arm-none-eabi/13.3.1/../../../../arm-none-eabi/lib/thumb/v7e-m+fp/hard/libc_nano.a
END GROUP
START GROUP
LOAD /opt/st/stm32cubeide_1.18.0/plugins/com.st.stm32cube.ide.mcu.externaltools.gnu-tools-for-stm32.13.3.rel1.linux64_1.0.0.202410170706/tools/bin/../lib/gcc/arm-none-eabi/13.3.1/thumb/v7e-m+fp/hard/libgcc.a
LOAD /opt/st/stm32cubeide_1.18.0/plugins/com.st.stm32cube.ide.mcu.externaltools.gnu-tools-for-stm32.13.3.rel1.linux64_1.0.0.202410170706/tools/bin/../lib/gcc/arm-none-eabi/13.3.1/../../../../arm-none-eabi/lib/thumb/v7e-m+fp/hard/libc_nano.a
LOAD /opt/st/stm32cubeide_1.18.0/plugins/com.st.stm32cube.ide.mcu.externaltools.gnu-tools-for-stm32.13.3.rel1.linux64_1.0.0.202410170706/tools/bin/../lib/gcc/arm-none-eabi/13.3.1/../../../../arm-none-eabi/lib/thumb/v7e-m+fp/hard/libnosys.a
END GROUP
START GROUP
LOAD /opt/st/stm32cubeide_1.18.0/plugins/com.st.stm32cube.ide.mcu.externaltools.gnu-tools-for-stm32.13.3.rel1.linux64_1.0.0.202410170706/tools/bin/../lib/gcc/arm-none-eabi/13.3.1/thumb/v7e-m+fp/hard/libgcc.a
LOAD /opt/st/stm32cubeide_1.18.0/plugins/com.st.stm32cube.ide.mcu.externaltools.gnu-tools-for-stm32.13.3.rel1.linux64_1.0.0.202410170706/tools/bin/../lib/gcc/arm-none-eabi/13.3.1/../../../../arm-none-eabi/lib/thumb/v7e-m+fp/hard/libc_nano.a
LOAD /opt/st/stm32cubeide_1.18.0/plugins/com.st.stm32cube.ide.mcu.externaltools.gnu-tools-for-stm32.13.3.rel1.linux64_1.0.0.202410170706/tools/bin/../lib/gcc/arm-none-eabi/13.3.1/../../../../arm-none-eabi/lib/thumb/v7e-m+fp/hard/libnosys.a
END GROUP
LOAD /opt/st/stm32cubeide_1.18.0/plugins/com.st.stm32cube.ide.mcu.externaltools.gnu-tools-for-stm32.13.3.rel1.linux64_1.0.0.202410170706/tools/bin/../lib/gcc/arm-none-eabi/13.3.1/thumb/v7e-m+fp/hard/crtend.o
LOAD /opt/st/stm32cubeide_1.18.0/plugins/com.st.stm32cube.ide.mcu.externaltools.gnu-tools-for-stm32.13.3.rel1.linux64_1.0.0.202410170706/tools/bin/../lib/gcc/arm-none-eabi/13.3.1/thumb/v7e-m+fp/hard/crtn.o
                0x200a0000                        _estack = (ORIGIN (RAM) + LENGTH (RAM))
                0x00000200                        _Min_Heap_Size = 0x200
                0x00000400                        _Min_Stack_Size = 0x400

.isr_vector     0x08000000      0x1bc
                0x08000000                        . = ALIGN (0x4)
 *(.isr_vector)
 .isr_vector    0x08000000      0x1bc ./Core/Startup/startup_stm32l4s5vitx.o
                0x08000000                g_pfnVectors
                0x080001bc                        . = ALIGN (0x4)

.text           0x080001c0     0xa270
                0x080001c0                        . = ALIGN (0x4)
 *(.text)
 .text          0x080001c0       0x40 /opt/st/stm32cubeide_1.18.0/plugins/com.st.stm32cube.ide.mcu.externaltools.gnu-tools-for-stm32.13.3.rel1.linux64_1.0.0.202410170706/tools/bin/../lib/gcc/arm-none-eabi/13.3.1/thumb/v7e-m+fp/hard/crtbegin.o
 .text          0x08000200       0x30 /opt/st/stm32cubeide_1.18.0/plugins/com.st.stm32cube.ide.mcu.externaltools.gnu-tools-for-stm32.13.3.rel1.linux64_1.0.0.202410170706/tools/bin/../lib/gcc/arm-none-eabi/13.3.1/thumb/v7e-m+fp/hard/libgcc.a(_aeabi_uldivmod.o)
                0x08000200                __aeabi_uldivmod
 .text          0x08000230      0x2f8 /opt/st/stm32cubeide_1.18.0/plugins/com.st.stm32cube.ide.mcu.externaltools.gnu-tools-for-stm32.13.3.rel1.linux64_1.0.0.202410170706/tools/bin/../lib/gcc/arm-none-eabi/13.3.1/thumb/v7e-m+fp/hard/libgcc.a(_udivmoddi4.o)
                0x08000230                __udivmoddi4
 .text          0x08000528        0x4 /opt/st/stm32cubeide_1.18.0/plugins/com.st.stm32cube.ide.mcu.externaltools.gnu-tools-for-stm32.13.3.rel1.linux64_1.0.0.202410170706/tools/bin/../lib/gcc/arm-none-eabi/13.3.1/thumb/v7e-m+fp/hard/libgcc.a(_dvmd_tls.o)
                0x08000528                __aeabi_ldiv0
                0x08000528                __aeabi_idiv0
 *(.text*)
 .text.main     0x0800052c      0x148 ./Core/Src/main.o
                0x0800052c                main
 .text.SystemClock_Config
                0x08000674       0xc4 ./Core/Src/main.o
                0x08000674                SystemClock_Config
 .text.PeriphCommonClock_Config
                0x08000738       0x5e ./Core/Src/main.o
                0x08000738                PeriphCommonClock_Config
 *fill*         0x08000796        0x2 
 .text.MX_ADC1_Init
                0x08000798       0xc8 ./Core/Src/main.o
 .text.MX_DFSDM1_Init
                0x08000860       0x70 ./Core/Src/main.o
 .text.MX_I2C1_Init
                0x080008d0       0x80 ./Core/Src/main.o
 .text.MX_I2C2_Init
                0x08000950       0x80 ./Core/Src/main.o
 .text.MX_OCTOSPI1_Init
                0x080009d0       0xac ./Core/Src/main.o
 .text.MX_SPI3_Init
                0x08000a7c       0x7c ./Core/Src/main.o
 .text.MX_UART4_Init
                0x08000af8       0x98 ./Core/Src/main.o
 .text.MX_USART1_UART_Init
                0x08000b90       0x98 ./Core/Src/main.o
 .text.MX_USART2_UART_Init
                0x08000c28       0x9c ./Core/Src/main.o
 .text.MX_USART3_UART_Init
                0x08000cc4       0x98 ./Core/Src/main.o
 .text.MX_USB_OTG_FS_USB_Init
                0x08000d5c        0xe ./Core/Src/main.o
 *fill*         0x08000d6a        0x2 
 .text.MX_GPIO_Init
                0x08000d6c      0x2a8 ./Core/Src/main.o
 .text.StartLED_Flash
                0x08001014       0x74 ./Core/Src/main.o
                0x08001014                StartLED_Flash
 .text.UART_Cmd_RX
                0x08001088       0x74 ./Core/Src/main.o
                0x08001088                UART_Cmd_RX
 .text.UART_SendSample
                0x080010fc       0x5c ./Core/Src/main.o
                0x080010fc                UART_SendSample
 .text.ADC_Cmd  0x08001158       0x10 ./Core/Src/main.o
                0x08001158                ADC_Cmd
 .text.TEMP_Read
                0x08001168       0x38 ./Core/Src/main.o
                0x08001168                TEMP_Read
 .text.AlarmMsgq
                0x080011a0       0x10 ./Core/Src/main.o
                0x080011a0                AlarmMsgq
 .text.HAL_TIM_PeriodElapsedCallback
                0x080011b0       0x24 ./Core/Src/main.o
                0x080011b0                HAL_TIM_PeriodElapsedCallback
 .text.Error_Handler
                0x080011d4        0xc ./Core/Src/main.o
                0x080011d4                Error_Handler
 .text.HAL_MspInit
                0x080011e0       0x50 ./Core/Src/stm32l4xx_hal_msp.o
                0x080011e0                HAL_MspInit
 .text.HAL_ADC_MspInit
                0x08001230       0x80 ./Core/Src/stm32l4xx_hal_msp.o
                0x08001230                HAL_ADC_MspInit
 .text.HAL_DFSDM_ChannelMspInit
                0x080012b0       0xc8 ./Core/Src/stm32l4xx_hal_msp.o
                0x080012b0                HAL_DFSDM_ChannelMspInit
 .text.HAL_I2C_MspInit
                0x08001378      0x144 ./Core/Src/stm32l4xx_hal_msp.o
                0x08001378                HAL_I2C_MspInit
 .text.HAL_OSPI_MspInit
                0x080014bc       0xd8 ./Core/Src/stm32l4xx_hal_msp.o
                0x080014bc                HAL_OSPI_MspInit
 .text.HAL_SPI_MspInit
                0x08001594       0x88 ./Core/Src/stm32l4xx_hal_msp.o
                0x08001594                HAL_SPI_MspInit
 .text.HAL_UART_MspInit
                0x0800161c      0x254 ./Core/Src/stm32l4xx_hal_msp.o
                0x0800161c                HAL_UART_MspInit
 .text.HAL_InitTick
                0x08001870       0xf4 ./Core/Src/stm32l4xx_hal_timebase_tim.o
                0x08001870                HAL_InitTick
 .text.NMI_Handler
                0x08001964        0x8 ./Core/Src/stm32l4xx_it.o
                0x08001964                NMI_Handler
 .text.HardFault_Handler
                0x0800196c        0x8 ./Core/Src/stm32l4xx_it.o
                0x0800196c                HardFault_Handler
 .text.MemManage_Handler
                0x08001974        0x8 ./Core/Src/stm32l4xx_it.o
                0x08001974                MemManage_Handler
 .text.BusFault_Handler
                0x0800197c        0x8 ./Core/Src/stm32l4xx_it.o
                0x0800197c                BusFault_Handler
 .text.UsageFault_Handler
                0x08001984        0x8 ./Core/Src/stm32l4xx_it.o
                0x08001984                UsageFault_Handler
 .text.DebugMon_Handler
                0x0800198c        0xe ./Core/Src/stm32l4xx_it.o
                0x0800198c                DebugMon_Handler
 .text.EXTI9_5_IRQHandler
                0x0800199a       0x22 ./Core/Src/stm32l4xx_it.o
                0x0800199a                EXTI9_5_IRQHandler
 .text.EXTI15_10_IRQHandler
                0x080019bc       0x38 ./Core/Src/stm32l4xx_it.o
                0x080019bc                EXTI15_10_IRQHandler
 .text.TIM6_DAC_IRQHandler
                0x080019f4       0x14 ./Core/Src/stm32l4xx_it.o
                0x080019f4                TIM6_DAC_IRQHandler
 .text.SystemInit
                0x08001a08       0x24 ./Core/Src/system_stm32l4xx.o
                0x08001a08                SystemInit
 .text.Reset_Handler
                0x08001a2c       0x50 ./Core/Startup/startup_stm32l4s5vitx.o
                0x08001a2c                Reset_Handler
 .text.Default_Handler
                0x08001a7c        0x2 ./Core/Startup/startup_stm32l4s5vitx.o
                0x08001a7c                RTC_Alarm_IRQHandler
                0x08001a7c                EXTI2_IRQHandler
                0x08001a7c                TIM8_TRG_COM_IRQHandler
                0x08001a7c                TIM8_CC_IRQHandler
                0x08001a7c                TIM1_CC_IRQHandler
                0x08001a7c                TSC_IRQHandler
                0x08001a7c                TAMP_STAMP_IRQHandler
                0x08001a7c                EXTI3_IRQHandler
                0x08001a7c                LPTIM2_IRQHandler
                0x08001a7c                DFSDM1_FLT1_IRQHandler
                0x08001a7c                GFXMMU_IRQHandler
                0x08001a7c                I2C3_ER_IRQHandler
                0x08001a7c                DFSDM1_FLT2_IRQHandler
                0x08001a7c                EXTI0_IRQHandler
                0x08001a7c                I2C2_EV_IRQHandler
                0x08001a7c                CAN1_RX0_IRQHandler
                0x08001a7c                FPU_IRQHandler
                0x08001a7c                TIM1_UP_TIM16_IRQHandler
                0x08001a7c                LTDC_ER_IRQHandler
                0x08001a7c                SPI1_IRQHandler
                0x08001a7c                OCTOSPI1_IRQHandler
                0x08001a7c                DCMI_IRQHandler
                0x08001a7c                TIM8_UP_IRQHandler
                0x08001a7c                OCTOSPI2_IRQHandler
                0x08001a7c                DMA2_Channel2_IRQHandler
                0x08001a7c                DMA1_Channel4_IRQHandler
                0x08001a7c                SAI2_IRQHandler
                0x08001a7c                ADC1_IRQHandler
                0x08001a7c                DFSDM1_FLT3_IRQHandler
                0x08001a7c                USART3_IRQHandler
                0x08001a7c                DMA1_Channel7_IRQHandler
                0x08001a7c                CAN1_RX1_IRQHandler
                0x08001a7c                UART5_IRQHandler
                0x08001a7c                TIM4_IRQHandler
                0x08001a7c                DMA2_Channel1_IRQHandler
                0x08001a7c                I2C1_EV_IRQHandler
                0x08001a7c                DMAMUX1_OVR_IRQHandler
                0x08001a7c                DMA1_Channel6_IRQHandler
                0x08001a7c                UART4_IRQHandler
                0x08001a7c                DMA2_Channel4_IRQHandler
                0x08001a7c                TIM3_IRQHandler
                0x08001a7c                RCC_IRQHandler
                0x08001a7c                DMA1_Channel1_IRQHandler
                0x08001a7c                Default_Handler
                0x08001a7c                DMA2_Channel7_IRQHandler
                0x08001a7c                TIM7_IRQHandler
                0x08001a7c                SDMMC1_IRQHandler
                0x08001a7c                TIM5_IRQHandler
                0x08001a7c                I2C3_EV_IRQHandler
                0x08001a7c                RTC_WKUP_IRQHandler
                0x08001a7c                LTDC_IRQHandler
                0x08001a7c                PVD_PVM_IRQHandler
                0x08001a7c                SPI2_IRQHandler
                0x08001a7c                CAN1_TX_IRQHandler
                0x08001a7c                DMA2_Channel5_IRQHandler
                0x08001a7c                DMA1_Channel5_IRQHandler
                0x08001a7c                EXTI4_IRQHandler
                0x08001a7c                RNG_IRQHandler
                0x08001a7c                TIM1_TRG_COM_TIM17_IRQHandler
                0x08001a7c                DMA1_Channel3_IRQHandler
                0x08001a7c                COMP_IRQHandler
                0x08001a7c                HASH_CRS_IRQHandler
                0x08001a7c                WWDG_IRQHandler
                0x08001a7c                I2C4_EV_IRQHandler
                0x08001a7c                LPUART1_IRQHandler
                0x08001a7c                DMA2_Channel6_IRQHandler
                0x08001a7c                TIM2_IRQHandler
                0x08001a7c                DMA2D_IRQHandler
                0x08001a7c                EXTI1_IRQHandler
                0x08001a7c                AES_IRQHandler
                0x08001a7c                USART2_IRQHandler
                0x08001a7c                DFSDM1_FLT0_IRQHandler
                0x08001a7c                I2C2_ER_IRQHandler
                0x08001a7c                DMA1_Channel2_IRQHandler
                0x08001a7c                TIM8_BRK_IRQHandler
                0x08001a7c                CAN1_SCE_IRQHandler
                0x08001a7c                FLASH_IRQHandler
                0x08001a7c                USART1_IRQHandler
                0x08001a7c                OTG_FS_IRQHandler
                0x08001a7c                SPI3_IRQHandler
                0x08001a7c                I2C1_ER_IRQHandler
                0x08001a7c                FMC_IRQHandler
                0x08001a7c                LPTIM1_IRQHandler
                0x08001a7c                I2C4_ER_IRQHandler
                0x08001a7c                SAI1_IRQHandler
                0x08001a7c                DMA2_Channel3_IRQHandler
                0x08001a7c                TIM1_BRK_TIM15_IRQHandler
 .text.HAL_Init
                0x08001a7e       0x30 ./Drivers/STM32L4xx_HAL_Driver/Src/stm32l4xx_hal.o
                0x08001a7e                HAL_Init
 *fill*         0x08001aae        0x2 
 .text.HAL_IncTick
                0x08001ab0       0x28 ./Drivers/STM32L4xx_HAL_Driver/Src/stm32l4xx_hal.o
                0x08001ab0                HAL_IncTick
 .text.HAL_GetTick
                0x08001ad8       0x18 ./Drivers/STM32L4xx_HAL_Driver/Src/stm32l4xx_hal.o
                0x08001ad8                HAL_GetTick
 .text.LL_ADC_SetCommonClock
                0x08001af0       0x26 ./Drivers/STM32L4xx_HAL_Driver/Src/stm32l4xx_hal_adc.o
 .text.LL_ADC_SetCommonPathInternalCh
                0x08001b16       0x26 ./Drivers/STM32L4xx_HAL_Driver/Src/stm32l4xx_hal_adc.o
 .text.LL_ADC_GetCommonPathInternalCh
                0x08001b3c       0x1c ./Drivers/STM32L4xx_HAL_Driver/Src/stm32l4xx_hal_adc.o
 .text.LL_ADC_SetOffset
                0x08001b58       0x48 ./Drivers/STM32L4xx_HAL_Driver/Src/stm32l4xx_hal_adc.o
 .text.LL_ADC_GetOffsetChannel
                0x08001ba0       0x2c ./Drivers/STM32L4xx_HAL_Driver/Src/stm32l4xx_hal_adc.o
 .text.LL_ADC_SetOffsetState
                0x08001bcc       0x36 ./Drivers/STM32L4xx_HAL_Driver/Src/stm32l4xx_hal_adc.o
 .text.LL_ADC_SetSamplingTimeCommonConfig
                0x08001c02       0x26 ./Drivers/STM32L4xx_HAL_Driver/Src/stm32l4xx_hal_adc.o
 .text.LL_ADC_REG_SetSequencerRanks
                0x08001c28       0x58 ./Drivers/STM32L4xx_HAL_Driver/Src/stm32l4xx_hal_adc.o
 .text.LL_ADC_SetChannelSamplingTime
                0x08001c80       0x56 ./Drivers/STM32L4xx_HAL_Driver/Src/stm32l4xx_hal_adc.o
 *fill*         0x08001cd6        0x2 
 .text.LL_ADC_SetChannelSingleDiff
                0x08001cd8       0x48 ./Drivers/STM32L4xx_HAL_Driver/Src/stm32l4xx_hal_adc.o
 .text.LL_ADC_DisableDeepPowerDown
                0x08001d20       0x24 ./Drivers/STM32L4xx_HAL_Driver/Src/stm32l4xx_hal_adc.o
 .text.LL_ADC_IsDeepPowerDownEnabled
                0x08001d44       0x28 ./Drivers/STM32L4xx_HAL_Driver/Src/stm32l4xx_hal_adc.o
 .text.LL_ADC_EnableInternalRegulator
                0x08001d6c       0x28 ./Drivers/STM32L4xx_HAL_Driver/Src/stm32l4xx_hal_adc.o
 .text.LL_ADC_IsInternalRegulatorEnabled
                0x08001d94       0x28 ./Drivers/STM32L4xx_HAL_Driver/Src/stm32l4xx_hal_adc.o
 .text.LL_ADC_IsEnabled
                0x08001dbc       0x26 ./Drivers/STM32L4xx_HAL_Driver/Src/stm32l4xx_hal_adc.o
 .text.LL_ADC_REG_IsConversionOngoing
                0x08001de2       0x26 ./Drivers/STM32L4xx_HAL_Driver/Src/stm32l4xx_hal_adc.o
 .text.LL_ADC_INJ_IsConversionOngoing
                0x08001e08       0x26 ./Drivers/STM32L4xx_HAL_Driver/Src/stm32l4xx_hal_adc.o
 *fill*         0x08001e2e        0x2 
 .text.HAL_ADC_Init
                0x08001e30      0x28c ./Drivers/STM32L4xx_HAL_Driver/Src/stm32l4xx_hal_adc.o
                0x08001e30                HAL_ADC_Init
 .text.HAL_ADC_ConfigChannel
                0x080020bc      0x7f8 ./Drivers/STM32L4xx_HAL_Driver/Src/stm32l4xx_hal_adc.o
                0x080020bc                HAL_ADC_ConfigChannel
 .text.__NVIC_SetPriorityGrouping
                0x080028b4       0x48 ./Drivers/STM32L4xx_HAL_Driver/Src/stm32l4xx_hal_cortex.o
 .text.__NVIC_GetPriorityGrouping
                0x080028fc       0x1c ./Drivers/STM32L4xx_HAL_Driver/Src/stm32l4xx_hal_cortex.o
 .text.__NVIC_EnableIRQ
                0x08002918       0x3c ./Drivers/STM32L4xx_HAL_Driver/Src/stm32l4xx_hal_cortex.o
 .text.__NVIC_SetPriority
                0x08002954       0x54 ./Drivers/STM32L4xx_HAL_Driver/Src/stm32l4xx_hal_cortex.o
 .text.NVIC_EncodePriority
                0x080029a8       0x66 ./Drivers/STM32L4xx_HAL_Driver/Src/stm32l4xx_hal_cortex.o
 .text.HAL_NVIC_SetPriorityGrouping
                0x08002a0e       0x16 ./Drivers/STM32L4xx_HAL_Driver/Src/stm32l4xx_hal_cortex.o
                0x08002a0e                HAL_NVIC_SetPriorityGrouping
 .text.HAL_NVIC_SetPriority
                0x08002a24       0x38 ./Drivers/STM32L4xx_HAL_Driver/Src/stm32l4xx_hal_cortex.o
                0x08002a24                HAL_NVIC_SetPriority
 .text.HAL_NVIC_EnableIRQ
                0x08002a5c       0x1c ./Drivers/STM32L4xx_HAL_Driver/Src/stm32l4xx_hal_cortex.o
                0x08002a5c                HAL_NVIC_EnableIRQ
 .text.HAL_DFSDM_ChannelInit
                0x08002a78      0x180 ./Drivers/STM32L4xx_HAL_Driver/Src/stm32l4xx_hal_dfsdm.o
                0x08002a78                HAL_DFSDM_ChannelInit
 .text.DFSDM_GetChannelFromInstance
                0x08002bf8       0x98 ./Drivers/STM32L4xx_HAL_Driver/Src/stm32l4xx_hal_dfsdm.o
 .text.HAL_GPIO_Init
                0x08002c90      0x324 ./Drivers/STM32L4xx_HAL_Driver/Src/stm32l4xx_hal_gpio.o
                0x08002c90                HAL_GPIO_Init
 .text.HAL_GPIO_WritePin
                0x08002fb4       0x30 ./Drivers/STM32L4xx_HAL_Driver/Src/stm32l4xx_hal_gpio.o
                0x08002fb4                HAL_GPIO_WritePin
 .text.HAL_GPIO_TogglePin
                0x08002fe4       0x34 ./Drivers/STM32L4xx_HAL_Driver/Src/stm32l4xx_hal_gpio.o
                0x08002fe4                HAL_GPIO_TogglePin
 .text.HAL_GPIO_EXTI_IRQHandler
                0x08003018       0x30 ./Drivers/STM32L4xx_HAL_Driver/Src/stm32l4xx_hal_gpio.o
                0x08003018                HAL_GPIO_EXTI_IRQHandler
 .text.HAL_GPIO_EXTI_Callback
                0x08003048       0x16 ./Drivers/STM32L4xx_HAL_Driver/Src/stm32l4xx_hal_gpio.o
                0x08003048                HAL_GPIO_EXTI_Callback
 .text.HAL_I2C_Init
                0x0800305e      0x136 ./Drivers/STM32L4xx_HAL_Driver/Src/stm32l4xx_hal_i2c.o
                0x0800305e                HAL_I2C_Init
 .text.HAL_I2CEx_ConfigAnalogFilter
                0x08003194       0x96 ./Drivers/STM32L4xx_HAL_Driver/Src/stm32l4xx_hal_i2c_ex.o
                0x08003194                HAL_I2CEx_ConfigAnalogFilter
 .text.HAL_I2CEx_ConfigDigitalFilter
                0x0800322a       0x98 ./Drivers/STM32L4xx_HAL_Driver/Src/stm32l4xx_hal_i2c_ex.o
                0x0800322a                HAL_I2CEx_ConfigDigitalFilter
 *fill*         0x080032c2        0x2 
 .text.HAL_OSPI_Init
                0x080032c4      0x154 ./Drivers/STM32L4xx_HAL_Driver/Src/stm32l4xx_hal_ospi.o
                0x080032c4                HAL_OSPI_Init
 .text.HAL_OSPI_SetTimeout
                0x08003418       0x1e ./Drivers/STM32L4xx_HAL_Driver/Src/stm32l4xx_hal_ospi.o
                0x08003418                HAL_OSPI_SetTimeout
 *fill*         0x08003436        0x2 
 .text.HAL_OSPIM_Config
                0x08003438      0x670 ./Drivers/STM32L4xx_HAL_Driver/Src/stm32l4xx_hal_ospi.o
                0x08003438                HAL_OSPIM_Config
 .text.OSPI_WaitFlagStateUntilTimeout
                0x08003aa8       0x6e ./Drivers/STM32L4xx_HAL_Driver/Src/stm32l4xx_hal_ospi.o
 *fill*         0x08003b16        0x2 
 .text.OSPIM_GetConfig
                0x08003b18      0x160 ./Drivers/STM32L4xx_HAL_Driver/Src/stm32l4xx_hal_ospi.o
 .text.HAL_PWR_EnableBkUpAccess
                0x08003c78       0x20 ./Drivers/STM32L4xx_HAL_Driver/Src/stm32l4xx_hal_pwr.o
                0x08003c78                HAL_PWR_EnableBkUpAccess
 .text.HAL_PWREx_GetVoltageRange
                0x08003c98       0x40 ./Drivers/STM32L4xx_HAL_Driver/Src/stm32l4xx_hal_pwr_ex.o
                0x08003c98                HAL_PWREx_GetVoltageRange
 .text.HAL_PWREx_ControlVoltageScaling
                0x08003cd8      0x148 ./Drivers/STM32L4xx_HAL_Driver/Src/stm32l4xx_hal_pwr_ex.o
                0x08003cd8                HAL_PWREx_ControlVoltageScaling
 .text.HAL_RCC_OscConfig
                0x08003e20      0x834 ./Drivers/STM32L4xx_HAL_Driver/Src/stm32l4xx_hal_rcc.o
                0x08003e20                HAL_RCC_OscConfig
 .text.HAL_RCC_ClockConfig
                0x08004654      0x274 ./Drivers/STM32L4xx_HAL_Driver/Src/stm32l4xx_hal_rcc.o
                0x08004654                HAL_RCC_ClockConfig
 .text.HAL_RCC_GetSysClockFreq
                0x080048c8      0x118 ./Drivers/STM32L4xx_HAL_Driver/Src/stm32l4xx_hal_rcc.o
                0x080048c8                HAL_RCC_GetSysClockFreq
 .text.HAL_RCC_GetHCLKFreq
                0x080049e0       0x18 ./Drivers/STM32L4xx_HAL_Driver/Src/stm32l4xx_hal_rcc.o
                0x080049e0                HAL_RCC_GetHCLKFreq
 .text.HAL_RCC_GetPCLK1Freq
                0x080049f8       0x2c ./Drivers/STM32L4xx_HAL_Driver/Src/stm32l4xx_hal_rcc.o
                0x080049f8                HAL_RCC_GetPCLK1Freq
 .text.HAL_RCC_GetPCLK2Freq
                0x08004a24       0x2c ./Drivers/STM32L4xx_HAL_Driver/Src/stm32l4xx_hal_rcc.o
                0x08004a24                HAL_RCC_GetPCLK2Freq
 .text.HAL_RCC_GetClockConfig
                0x08004a50       0x64 ./Drivers/STM32L4xx_HAL_Driver/Src/stm32l4xx_hal_rcc.o
                0x08004a50                HAL_RCC_GetClockConfig
 .text.RCC_SetFlashLatencyFromMSIRange
                0x08004ab4       0xb4 ./Drivers/STM32L4xx_HAL_Driver/Src/stm32l4xx_hal_rcc.o
 .text.RCC_GetSysClockFreqFromPLLSource
                0x08004b68       0xcc ./Drivers/STM32L4xx_HAL_Driver/Src/stm32l4xx_hal_rcc.o
 .text.HAL_RCCEx_PeriphCLKConfig
                0x08004c34      0x660 ./Drivers/STM32L4xx_HAL_Driver/Src/stm32l4xx_hal_rcc_ex.o
                0x08004c34                HAL_RCCEx_PeriphCLKConfig
 .text.HAL_RCCEx_EnableMSIPLLMode
                0x08005294       0x20 ./Drivers/STM32L4xx_HAL_Driver/Src/stm32l4xx_hal_rcc_ex.o
                0x08005294                HAL_RCCEx_EnableMSIPLLMode
 .text.RCCEx_PLLSAI1_Config
                0x080052b4      0x1e8 ./Drivers/STM32L4xx_HAL_Driver/Src/stm32l4xx_hal_rcc_ex.o
 .text.RCCEx_PLLSAI2_Config
                0x0800549c      0x1e8 ./Drivers/STM32L4xx_HAL_Driver/Src/stm32l4xx_hal_rcc_ex.o
 .text.HAL_SPI_Init
                0x08005684      0x146 ./Drivers/STM32L4xx_HAL_Driver/Src/stm32l4xx_hal_spi.o
                0x08005684                HAL_SPI_Init
 .text.HAL_TIM_Base_Init
                0x080057ca       0xae ./Drivers/STM32L4xx_HAL_Driver/Src/stm32l4xx_hal_tim.o
                0x080057ca                HAL_TIM_Base_Init
 .text.HAL_TIM_Base_MspInit
                0x08005878       0x14 ./Drivers/STM32L4xx_HAL_Driver/Src/stm32l4xx_hal_tim.o
                0x08005878                HAL_TIM_Base_MspInit
 .text.HAL_TIM_Base_Start_IT
                0x0800588c       0xe0 ./Drivers/STM32L4xx_HAL_Driver/Src/stm32l4xx_hal_tim.o
                0x0800588c                HAL_TIM_Base_Start_IT
 .text.HAL_TIM_IRQHandler
                0x0800596c      0x20e ./Drivers/STM32L4xx_HAL_Driver/Src/stm32l4xx_hal_tim.o
                0x0800596c                HAL_TIM_IRQHandler
 .text.HAL_TIM_OC_DelayElapsedCallback
                0x08005b7a       0x14 ./Drivers/STM32L4xx_HAL_Driver/Src/stm32l4xx_hal_tim.o
                0x08005b7a                HAL_TIM_OC_DelayElapsedCallback
 .text.HAL_TIM_IC_CaptureCallback
                0x08005b8e       0x14 ./Drivers/STM32L4xx_HAL_Driver/Src/stm32l4xx_hal_tim.o
                0x08005b8e                HAL_TIM_IC_CaptureCallback
 .text.HAL_TIM_PWM_PulseFinishedCallback
                0x08005ba2       0x14 ./Drivers/STM32L4xx_HAL_Driver/Src/stm32l4xx_hal_tim.o
                0x08005ba2                HAL_TIM_PWM_PulseFinishedCallback
 .text.HAL_TIM_TriggerCallback
                0x08005bb6       0x14 ./Drivers/STM32L4xx_HAL_Driver/Src/stm32l4xx_hal_tim.o
                0x08005bb6                HAL_TIM_TriggerCallback
 *fill*         0x08005bca        0x2 
 .text.TIM_Base_SetConfig
                0x08005bcc      0x14c ./Drivers/STM32L4xx_HAL_Driver/Src/stm32l4xx_hal_tim.o
                0x08005bcc                TIM_Base_SetConfig
 .text.HAL_TIMEx_CommutCallback
                0x08005d18       0x14 ./Drivers/STM32L4xx_HAL_Driver/Src/stm32l4xx_hal_tim_ex.o
                0x08005d18                HAL_TIMEx_CommutCallback
 .text.HAL_TIMEx_BreakCallback
                0x08005d2c       0x14 ./Drivers/STM32L4xx_HAL_Driver/Src/stm32l4xx_hal_tim_ex.o
                0x08005d2c                HAL_TIMEx_BreakCallback
 .text.HAL_TIMEx_Break2Callback
                0x08005d40       0x14 ./Drivers/STM32L4xx_HAL_Driver/Src/stm32l4xx_hal_tim_ex.o
                0x08005d40                HAL_TIMEx_Break2Callback
 .text.HAL_UART_Init
                0x08005d54       0xa0 ./Drivers/STM32L4xx_HAL_Driver/Src/stm32l4xx_hal_uart.o
                0x08005d54                HAL_UART_Init
 .text.HAL_UART_Transmit
                0x08005df4      0x11c ./Drivers/STM32L4xx_HAL_Driver/Src/stm32l4xx_hal_uart.o
                0x08005df4                HAL_UART_Transmit
 .text.HAL_UART_Receive
                0x08005f10      0x192 ./Drivers/STM32L4xx_HAL_Driver/Src/stm32l4xx_hal_uart.o
                0x08005f10                HAL_UART_Receive
 *fill*         0x080060a2        0x2 
 .text.UART_SetConfig
                0x080060a4      0x5f8 ./Drivers/STM32L4xx_HAL_Driver/Src/stm32l4xx_hal_uart.o
                0x080060a4                UART_SetConfig
 .text.UART_AdvFeatureConfig
                0x0800669c      0x144 ./Drivers/STM32L4xx_HAL_Driver/Src/stm32l4xx_hal_uart.o
                0x0800669c                UART_AdvFeatureConfig
 .text.UART_CheckIdleState
                0x080067e0      0x154 ./Drivers/STM32L4xx_HAL_Driver/Src/stm32l4xx_hal_uart.o
                0x080067e0                UART_CheckIdleState
 .text.UART_WaitOnFlagUntilTimeout
                0x08006934       0xda ./Drivers/STM32L4xx_HAL_Driver/Src/stm32l4xx_hal_uart.o
                0x08006934                UART_WaitOnFlagUntilTimeout
 .text.UART_EndRxTransfer
                0x08006a0e       0xcc ./Drivers/STM32L4xx_HAL_Driver/Src/stm32l4xx_hal_uart.o
 .text.HAL_UARTEx_DisableFifoMode
                0x08006ada       0x72 ./Drivers/STM32L4xx_HAL_Driver/Src/stm32l4xx_hal_uart_ex.o
                0x08006ada                HAL_UARTEx_DisableFifoMode
 .text.HAL_UARTEx_SetTxFifoThreshold
                0x08006b4c       0x7c ./Drivers/STM32L4xx_HAL_Driver/Src/stm32l4xx_hal_uart_ex.o
                0x08006b4c                HAL_UARTEx_SetTxFifoThreshold
 .text.HAL_UARTEx_SetRxFifoThreshold
                0x08006bc8       0x7c ./Drivers/STM32L4xx_HAL_Driver/Src/stm32l4xx_hal_uart_ex.o
                0x08006bc8                HAL_UARTEx_SetRxFifoThreshold
 .text.UARTEx_SetNbDataToProcess
                0x08006c44       0x9c ./Drivers/STM32L4xx_HAL_Driver/Src/stm32l4xx_hal_uart_ex.o
 .text.__NVIC_SetPriority
                0x08006ce0       0x54 ./Middlewares/Third_Party/FreeRTOS/Source/CMSIS_RTOS_V2/cmsis_os2.o
 .text.SysTick_Handler
                0x08006d34       0x20 ./Middlewares/Third_Party/FreeRTOS/Source/CMSIS_RTOS_V2/cmsis_os2.o
                0x08006d34                SysTick_Handler
 .text.SVC_Setup
                0x08006d54       0x12 ./Middlewares/Third_Party/FreeRTOS/Source/CMSIS_RTOS_V2/cmsis_os2.o
 *fill*         0x08006d66        0x2 
 .text.osKernelInitialize
                0x08006d68       0x48 ./Middlewares/Third_Party/FreeRTOS/Source/CMSIS_RTOS_V2/cmsis_os2.o
                0x08006d68                osKernelInitialize
 .text.osKernelStart
                0x08006db0       0x4c ./Middlewares/Third_Party/FreeRTOS/Source/CMSIS_RTOS_V2/cmsis_os2.o
                0x08006db0                osKernelStart
 .text.osThreadNew
                0x08006dfc      0x124 ./Middlewares/Third_Party/FreeRTOS/Source/CMSIS_RTOS_V2/cmsis_os2.o
                0x08006dfc                osThreadNew
 .text.osDelay  0x08006f20       0x36 ./Middlewares/Third_Party/FreeRTOS/Source/CMSIS_RTOS_V2/cmsis_os2.o
                0x08006f20                osDelay
 .text.osDelayUntil
                0x08006f56       0x5a ./Middlewares/Third_Party/FreeRTOS/Source/CMSIS_RTOS_V2/cmsis_os2.o
                0x08006f56                osDelayUntil
 .text.osSemaphoreNew
                0x08006fb0      0x112 ./Middlewares/Third_Party/FreeRTOS/Source/CMSIS_RTOS_V2/cmsis_os2.o
                0x08006fb0                osSemaphoreNew
 *fill*         0x080070c2        0x2 
 .text.osSemaphoreRelease
                0x080070c4       0x88 ./Middlewares/Third_Party/FreeRTOS/Source/CMSIS_RTOS_V2/cmsis_os2.o
                0x080070c4                osSemaphoreRelease
 .text.osMessageQueueNew
                0x0800714c       0xe6 ./Middlewares/Third_Party/FreeRTOS/Source/CMSIS_RTOS_V2/cmsis_os2.o
                0x0800714c                osMessageQueueNew
 *fill*         0x08007232        0x2 
 .text.osMessageQueuePut
                0x08007234       0xc0 ./Middlewares/Third_Party/FreeRTOS/Source/CMSIS_RTOS_V2/cmsis_os2.o
                0x08007234                osMessageQueuePut
 .text.osMessageQueueGet
                0x080072f4       0xbc ./Middlewares/Third_Party/FreeRTOS/Source/CMSIS_RTOS_V2/cmsis_os2.o
                0x080072f4                osMessageQueueGet
 .text.vApplicationGetIdleTaskMemory
                0x080073b0       0x34 ./Middlewares/Third_Party/FreeRTOS/Source/CMSIS_RTOS_V2/cmsis_os2.o
                0x080073b0                vApplicationGetIdleTaskMemory
 .text.vApplicationGetTimerTaskMemory
                0x080073e4       0x34 ./Middlewares/Third_Party/FreeRTOS/Source/CMSIS_RTOS_V2/cmsis_os2.o
                0x080073e4                vApplicationGetTimerTaskMemory
 .text.vListInitialise
                0x08007418       0x40 ./Middlewares/Third_Party/FreeRTOS/Source/list.o
                0x08007418                vListInitialise
 .text.vListInitialiseItem
                0x08007458       0x1a ./Middlewares/Third_Party/FreeRTOS/Source/list.o
                0x08007458                vListInitialiseItem
 .text.vListInsertEnd
                0x08007472       0x48 ./Middlewares/Third_Party/FreeRTOS/Source/list.o
                0x08007472                vListInsertEnd
 .text.vListInsert
                0x080074ba       0x72 ./Middlewares/Third_Party/FreeRTOS/Source/list.o
                0x080074ba                vListInsert
 .text.uxListRemove
                0x0800752c       0x54 ./Middlewares/Third_Party/FreeRTOS/Source/list.o
                0x0800752c                uxListRemove
 .text.xQueueGenericReset
                0x08007580       0xd4 ./Middlewares/Third_Party/FreeRTOS/Source/queue.o
                0x08007580                xQueueGenericReset
 .text.xQueueGenericCreateStatic
                0x08007654       0xfa ./Middlewares/Third_Party/FreeRTOS/Source/queue.o
                0x08007654                xQueueGenericCreateStatic
 .text.xQueueGenericCreate
                0x0800774e       0x76 ./Middlewares/Third_Party/FreeRTOS/Source/queue.o
                0x0800774e                xQueueGenericCreate
 .text.prvInitialiseNewQueue
                0x080077c4       0x46 ./Middlewares/Third_Party/FreeRTOS/Source/queue.o
 .text.xQueueCreateCountingSemaphoreStatic
                0x0800780a       0x72 ./Middlewares/Third_Party/FreeRTOS/Source/queue.o
                0x0800780a                xQueueCreateCountingSemaphoreStatic
 .text.xQueueCreateCountingSemaphore
                0x0800787c       0x6a ./Middlewares/Third_Party/FreeRTOS/Source/queue.o
                0x0800787c                xQueueCreateCountingSemaphore
 *fill*         0x080078e6        0x2 
 .text.xQueueGenericSend
                0x080078e8      0x204 ./Middlewares/Third_Party/FreeRTOS/Source/queue.o
                0x080078e8                xQueueGenericSend
 .text.xQueueGenericSendFromISR
                0x08007aec      0x13c ./Middlewares/Third_Party/FreeRTOS/Source/queue.o
                0x08007aec                xQueueGenericSendFromISR
 .text.xQueueGiveFromISR
                0x08007c28      0x120 ./Middlewares/Third_Party/FreeRTOS/Source/queue.o
                0x08007c28                xQueueGiveFromISR
 .text.xQueueReceive
                0x08007d48      0x1c4 ./Middlewares/Third_Party/FreeRTOS/Source/queue.o
                0x08007d48                xQueueReceive
 .text.xQueueReceiveFromISR
                0x08007f0c      0x104 ./Middlewares/Third_Party/FreeRTOS/Source/queue.o
                0x08007f0c                xQueueReceiveFromISR
 .text.vQueueDelete
                0x08008010       0x48 ./Middlewares/Third_Party/FreeRTOS/Source/queue.o
                0x08008010                vQueueDelete
 .text.prvCopyDataToQueue
                0x08008058       0xd4 ./Middlewares/Third_Party/FreeRTOS/Source/queue.o
 .text.prvCopyDataFromQueue
                0x0800812c       0x4c ./Middlewares/Third_Party/FreeRTOS/Source/queue.o
 .text.prvUnlockQueue
                0x08008178       0xa4 ./Middlewares/Third_Party/FreeRTOS/Source/queue.o
 .text.prvIsQueueEmpty
                0x0800821c       0x2c ./Middlewares/Third_Party/FreeRTOS/Source/queue.o
 .text.prvIsQueueFull
                0x08008248       0x30 ./Middlewares/Third_Party/FreeRTOS/Source/queue.o
 .text.vQueueAddToRegistry
                0x08008278       0x54 ./Middlewares/Third_Party/FreeRTOS/Source/queue.o
                0x08008278                vQueueAddToRegistry
 .text.vQueueUnregisterQueue
                0x080082cc       0x54 ./Middlewares/Third_Party/FreeRTOS/Source/queue.o
                0x080082cc                vQueueUnregisterQueue
 .text.vQueueWaitForMessageRestricted
                0x08008320       0x68 ./Middlewares/Third_Party/FreeRTOS/Source/queue.o
                0x08008320                vQueueWaitForMessageRestricted
 .text.xTaskCreateStatic
                0x08008388       0xc0 ./Middlewares/Third_Party/FreeRTOS/Source/tasks.o
                0x08008388                xTaskCreateStatic
 .text.xTaskCreate
                0x08008448       0x8a ./Middlewares/Third_Party/FreeRTOS/Source/tasks.o
                0x08008448                xTaskCreate
 *fill*         0x080084d2        0x2 
 .text.prvInitialiseNewTask
                0x080084d4      0x150 ./Middlewares/Third_Party/FreeRTOS/Source/tasks.o
 .text.prvAddNewTaskToReadyList
                0x08008624       0xe0 ./Middlewares/Third_Party/FreeRTOS/Source/tasks.o
 .text.vTaskDelayUntil
                0x08008704      0x100 ./Middlewares/Third_Party/FreeRTOS/Source/tasks.o
                0x08008704                vTaskDelayUntil
 .text.vTaskDelay
                0x08008804       0x6c ./Middlewares/Third_Party/FreeRTOS/Source/tasks.o
                0x08008804                vTaskDelay
 .text.vTaskStartScheduler
                0x08008870       0xe0 ./Middlewares/Third_Party/FreeRTOS/Source/tasks.o
                0x08008870                vTaskStartScheduler
 .text.vTaskSuspendAll
                0x08008950       0x1c ./Middlewares/Third_Party/FreeRTOS/Source/tasks.o
                0x08008950                vTaskSuspendAll
 .text.xTaskResumeAll
                0x0800896c      0x13c ./Middlewares/Third_Party/FreeRTOS/Source/tasks.o
                0x0800896c                xTaskResumeAll
 .text.xTaskGetTickCount
                0x08008aa8       0x20 ./Middlewares/Third_Party/FreeRTOS/Source/tasks.o
                0x08008aa8                xTaskGetTickCount
 .text.xTaskIncrementTick
                0x08008ac8      0x174 ./Middlewares/Third_Party/FreeRTOS/Source/tasks.o
                0x08008ac8                xTaskIncrementTick
 .text.vTaskSwitchContext
                0x08008c3c       0xcc ./Middlewares/Third_Party/FreeRTOS/Source/tasks.o
                0x08008c3c                vTaskSwitchContext
 .text.vTaskPlaceOnEventList
                0x08008d08       0x4c ./Middlewares/Third_Party/FreeRTOS/Source/tasks.o
                0x08008d08                vTaskPlaceOnEventList
 .text.vTaskPlaceOnEventListRestricted
                0x08008d54       0x58 ./Middlewares/Third_Party/FreeRTOS/Source/tasks.o
                0x08008d54                vTaskPlaceOnEventListRestricted
 .text.xTaskRemoveFromEventList
                0x08008dac       0xc8 ./Middlewares/Third_Party/FreeRTOS/Source/tasks.o
                0x08008dac                xTaskRemoveFromEventList
 .text.vTaskInternalSetTimeOutState
                0x08008e74       0x2c ./Middlewares/Third_Party/FreeRTOS/Source/tasks.o
                0x08008e74                vTaskInternalSetTimeOutState
 .text.xTaskCheckForTimeOut
                0x08008ea0       0xc8 ./Middlewares/Third_Party/FreeRTOS/Source/tasks.o
                0x08008ea0                xTaskCheckForTimeOut
 .text.vTaskMissedYield
                0x08008f68       0x18 ./Middlewares/Third_Party/FreeRTOS/Source/tasks.o
                0x08008f68                vTaskMissedYield
 .text.prvIdleTask
                0x08008f80       0x30 ./Middlewares/Third_Party/FreeRTOS/Source/tasks.o
 .text.prvInitialiseTaskLists
                0x08008fb0       0x80 ./Middlewares/Third_Party/FreeRTOS/Source/tasks.o
 .text.prvCheckTasksWaitingTermination
                0x08009030       0x5c ./Middlewares/Third_Party/FreeRTOS/Source/tasks.o
 .text.prvDeleteTCB
                0x0800908c       0x6a ./Middlewares/Third_Party/FreeRTOS/Source/tasks.o
 *fill*         0x080090f6        0x2 
 .text.prvResetNextTaskUnblockTime
                0x080090f8       0x40 ./Middlewares/Third_Party/FreeRTOS/Source/tasks.o
 .text.xTaskGetSchedulerState
                0x08009138       0x3c ./Middlewares/Third_Party/FreeRTOS/Source/tasks.o
                0x08009138                xTaskGetSchedulerState
 .text.xTaskPriorityDisinherit
                0x08009174       0xe0 ./Middlewares/Third_Party/FreeRTOS/Source/tasks.o
                0x08009174                xTaskPriorityDisinherit
 .text.prvAddCurrentTaskToDelayedList
                0x08009254       0xa8 ./Middlewares/Third_Party/FreeRTOS/Source/tasks.o
 .text.xTimerCreateTimerTask
                0x080092fc       0x94 ./Middlewares/Third_Party/FreeRTOS/Source/timers.o
                0x080092fc                xTimerCreateTimerTask
 .text.xTimerGenericCommand
                0x08009390       0x9c ./Middlewares/Third_Party/FreeRTOS/Source/timers.o
                0x08009390                xTimerGenericCommand
 .text.prvProcessExpiredTimer
                0x0800942c       0x9c ./Middlewares/Third_Party/FreeRTOS/Source/timers.o
 .text.prvTimerTask
                0x080094c8       0x26 ./Middlewares/Third_Party/FreeRTOS/Source/timers.o
 *fill*         0x080094ee        0x2 
 .text.prvProcessTimerOrBlockTask
                0x080094f0       0x9c ./Middlewares/Third_Party/FreeRTOS/Source/timers.o
 .text.prvGetNextExpireTime
                0x0800958c       0x48 ./Middlewares/Third_Party/FreeRTOS/Source/timers.o
 .text.prvSampleTimeNow
                0x080095d4       0x40 ./Middlewares/Third_Party/FreeRTOS/Source/timers.o
 .text.prvInsertTimerInActiveList
                0x08009614       0x84 ./Middlewares/Third_Party/FreeRTOS/Source/timers.o
 .text.prvProcessReceivedCommands
                0x08009698      0x1cc ./Middlewares/Third_Party/FreeRTOS/Source/timers.o
 .text.prvSwitchTimerLists
                0x08009864       0xcc ./Middlewares/Third_Party/FreeRTOS/Source/timers.o
 .text.prvCheckForValidListAndQueue
                0x08009930       0x80 ./Middlewares/Third_Party/FreeRTOS/Source/timers.o
 .text.pxPortInitialiseStack
                0x080099b0       0x68 ./Middlewares/Third_Party/FreeRTOS/Source/portable/GCC/ARM_CM4F/port.o
                0x080099b0                pxPortInitialiseStack
 .text.prvTaskExitError
                0x08009a18       0x5c ./Middlewares/Third_Party/FreeRTOS/Source/portable/GCC/ARM_CM4F/port.o
 *fill*         0x08009a74        0xc 
 .text.SVC_Handler
                0x08009a80       0x28 ./Middlewares/Third_Party/FreeRTOS/Source/portable/GCC/ARM_CM4F/port.o
                0x08009a80                SVC_Handler
 .text.prvPortStartFirstTask
                0x08009aa8       0x28 ./Middlewares/Third_Party/FreeRTOS/Source/portable/GCC/ARM_CM4F/port.o
 .text.xPortStartScheduler
                0x08009ad0      0x148 ./Middlewares/Third_Party/FreeRTOS/Source/portable/GCC/ARM_CM4F/port.o
                0x08009ad0                xPortStartScheduler
 .text.vPortEnterCritical
                0x08009c18       0x64 ./Middlewares/Third_Party/FreeRTOS/Source/portable/GCC/ARM_CM4F/port.o
                0x08009c18                vPortEnterCritical
 .text.vPortExitCritical
                0x08009c7c       0x54 ./Middlewares/Third_Party/FreeRTOS/Source/portable/GCC/ARM_CM4F/port.o
                0x08009c7c                vPortExitCritical
 .text.PendSV_Handler
                0x08009cd0       0x68 ./Middlewares/Third_Party/FreeRTOS/Source/portable/GCC/ARM_CM4F/port.o
                0x08009cd0                PendSV_Handler
 .text.xPortSysTickHandler
                0x08009d38       0x44 ./Middlewares/Third_Party/FreeRTOS/Source/portable/GCC/ARM_CM4F/port.o
                0x08009d38                xPortSysTickHandler
 .text.vPortSetupTimerInterrupt
                0x08009d7c       0x48 ./Middlewares/Third_Party/FreeRTOS/Source/portable/GCC/ARM_CM4F/port.o
                0x08009d7c                vPortSetupTimerInterrupt
 .text.vPortEnableVFP
                0x08009dc4       0x14 ./Middlewares/Third_Party/FreeRTOS/Source/portable/GCC/ARM_CM4F/port.o
 .text.vPortValidateInterruptPriority
                0x08009dd8       0x84 ./Middlewares/Third_Party/FreeRTOS/Source/portable/GCC/ARM_CM4F/port.o
                0x08009dd8                vPortValidateInterruptPriority
 .text.pvPortMalloc
                0x08009e5c      0x19c ./Middlewares/Third_Party/FreeRTOS/Source/portable/MemMang/heap_4.o
                0x08009e5c                pvPortMalloc
 .text.vPortFree
                0x08009ff8       0xc8 ./Middlewares/Third_Party/FreeRTOS/Source/portable/MemMang/heap_4.o
                0x08009ff8                vPortFree
 .text.prvHeapInit
                0x0800a0c0       0xc4 ./Middlewares/Third_Party/FreeRTOS/Source/portable/MemMang/heap_4.o
 .text.prvInsertBlockIntoFreeList
                0x0800a184       0xb4 ./Middlewares/Third_Party/FreeRTOS/Source/portable/MemMang/heap_4.o
 .text.memset   0x0800a238       0x10 /opt/st/stm32cubeide_1.18.0/plugins/com.st.stm32cube.ide.mcu.externaltools.gnu-tools-for-stm32.13.3.rel1.linux64_1.0.0.202410170706/tools/bin/../lib/gcc/arm-none-eabi/13.3.1/../../../../arm-none-eabi/lib/thumb/v7e-m+fp/hard/libc_nano.a(libc_a-memset.o)
                0x0800a238                memset
 .text._reclaim_reent
                0x0800a248       0xbc /opt/st/stm32cubeide_1.18.0/plugins/com.st.stm32cube.ide.mcu.externaltools.gnu-tools-for-stm32.13.3.rel1.linux64_1.0.0.202410170706/tools/bin/../lib/gcc/arm-none-eabi/13.3.1/../../../../arm-none-eabi/lib/thumb/v7e-m+fp/hard/libc_nano.a(libc_a-reent.o)
                0x0800a248                _reclaim_reent
 .text.__libc_init_array
                0x0800a304       0x48 /opt/st/stm32cubeide_1.18.0/plugins/com.st.stm32cube.ide.mcu.externaltools.gnu-tools-for-stm32.13.3.rel1.linux64_1.0.0.202410170706/tools/bin/../lib/gcc/arm-none-eabi/13.3.1/../../../../arm-none-eabi/lib/thumb/v7e-m+fp/hard/libc_nano.a(libc_a-init.o)
                0x0800a304                __libc_init_array
 .text.__retarget_lock_acquire_recursive
                0x0800a34c        0x2 /opt/st/stm32cubeide_1.18.0/plugins/com.st.stm32cube.ide.mcu.externaltools.gnu-tools-for-stm32.13.3.rel1.linux64_1.0.0.202410170706/tools/bin/../lib/gcc/arm-none-eabi/13.3.1/../../../../arm-none-eabi/lib/thumb/v7e-m+fp/hard/libc_nano.a(libc_a-lock.o)
                0x0800a34c                __retarget_lock_acquire_recursive
 .text.__retarget_lock_release_recursive
                0x0800a34e        0x2 /opt/st/stm32cubeide_1.18.0/plugins/com.st.stm32cube.ide.mcu.externaltools.gnu-tools-for-stm32.13.3.rel1.linux64_1.0.0.202410170706/tools/bin/../lib/gcc/arm-none-eabi/13.3.1/../../../../arm-none-eabi/lib/thumb/v7e-m+fp/hard/libc_nano.a(libc_a-lock.o)
                0x0800a34e                __retarget_lock_release_recursive
 .text.memcpy   0x0800a350       0x1c /opt/st/stm32cubeide_1.18.0/plugins/com.st.stm32cube.ide.mcu.externaltools.gnu-tools-for-stm32.13.3.rel1.linux64_1.0.0.202410170706/tools/bin/../lib/gcc/arm-none-eabi/13.3.1/../../../../arm-none-eabi/lib/thumb/v7e-m+fp/hard/libc_nano.a(libc_a-memcpy-stub.o)
                0x0800a350                memcpy
 .text._free_r  0x0800a36c       0x94 /opt/st/stm32cubeide_1.18.0/plugins/com.st.stm32cube.ide.mcu.externaltools.gnu-tools-for-stm32.13.3.rel1.linux64_1.0.0.202410170706/tools/bin/../lib/gcc/arm-none-eabi/13.3.1/../../../../arm-none-eabi/lib/thumb/v7e-m+fp/hard/libc_nano.a(libc_a-freer.o)
                0x0800a36c                _free_r
 .text.__malloc_lock
                0x0800a400        0xc /opt/st/stm32cubeide_1.18.0/plugins/com.st.stm32cube.ide.mcu.externaltools.gnu-tools-for-stm32.13.3.rel1.linux64_1.0.0.202410170706/tools/bin/../lib/gcc/arm-none-eabi/13.3.1/../../../../arm-none-eabi/lib/thumb/v7e-m+fp/hard/libc_nano.a(libc_a-mlock.o)
                0x0800a400                __malloc_lock
 .text.__malloc_unlock
                0x0800a40c        0xc /opt/st/stm32cubeide_1.18.0/plugins/com.st.stm32cube.ide.mcu.externaltools.gnu-tools-for-stm32.13.3.rel1.linux64_1.0.0.202410170706/tools/bin/../lib/gcc/arm-none-eabi/13.3.1/../../../../arm-none-eabi/lib/thumb/v7e-m+fp/hard/libc_nano.a(libc_a-mlock.o)
                0x0800a40c                __malloc_unlock
 *(.glue_7)
 .glue_7        0x0800a418        0x0 linker stubs
 *(.glue_7t)
 .glue_7t       0x0800a418        0x0 linker stubs
 *(.eh_frame)
 .eh_frame      0x0800a418        0x0 /opt/st/stm32cubeide_1.18.0/plugins/com.st.stm32cube.ide.mcu.externaltools.gnu-tools-for-stm32.13.3.rel1.linux64_1.0.0.202410170706/tools/bin/../lib/gcc/arm-none-eabi/13.3.1/thumb/v7e-m+fp/hard/crtbegin.o
 *(.init)
 .init          0x0800a418        0x4 /opt/st/stm32cubeide_1.18.0/plugins/com.st.stm32cube.ide.mcu.externaltools.gnu-tools-for-stm32.13.3.rel1.linux64_1.0.0.202410170706/tools/bin/../lib/gcc/arm-none-eabi/13.3.1/thumb/v7e-m+fp/hard/crti.o
                0x0800a418                _init
 .init          0x0800a41c        0x8 /opt/st/stm32cubeide_1.18.0/plugins/com.st.stm32cube.ide.mcu.externaltools.gnu-tools-for-stm32.13.3.rel1.linux64_1.0.0.202410170706/tools/bin/../lib/gcc/arm-none-eabi/13.3.1/thumb/v7e-m+fp/hard/crtn.o
 *(.fini)
 .fini          0x0800a424        0x4 /opt/st/stm32cubeide_1.18.0/plugins/com.st.stm32cube.ide.mcu.externaltools.gnu-tools-for-stm32.13.3.rel1.linux64_1.0.0.202410170706/tools/bin/../lib/gcc/arm-none-eabi/13.3.1/thumb/v7e-m+fp/hard/crti.o
                0x0800a424                _fini
 .fini          0x0800a428        0x8 /opt/st/stm32cubeide_1.18.0/plugins/com.st.stm32cube.ide.mcu.externaltools.gnu-tools-for-stm32.13.3.rel1.linux64_1.0.0.202410170706/tools/bin/../lib/gcc/arm-none-eabi/13.3.1/thumb/v7e-m+fp/hard/crtn.o
                0x0800a430                        . = ALIGN (0x4)
                0x0800a430                        _etext = .

.vfp11_veneer   0x0800a430        0x0
 .vfp11_veneer  0x0800a430        0x0 linker stubs

.v4_bx          0x0800a430        0x0
 .v4_bx         0x0800a430        0x0 linker stubs

.iplt           0x0800a430        0x0
 .iplt          0x0800a430        0x0 /opt/st/stm32cubeide_1.18.0/plugins/com.st.stm32cube.ide.mcu.externaltools.gnu-tools-for-stm32.13.3.rel1.linux64_1.0.0.202410170706/tools/bin/../lib/gcc/arm-none-eabi/13.3.1/thumb/v7e-m+fp/hard/crtbegin.o

.rodata         0x0800a430      0x240
                0x0800a430                        . = ALIGN (0x4)
 *(.rodata)
 .rodata        0x0800a430       0xa0 ./Core/Src/main.o
 .rodata        0x0800a4d0        0x5 ./Middlewares/Third_Party/FreeRTOS/Source/tasks.o
 *fill*         0x0800a4d5        0x3 
 .rodata        0x0800a4d8        0xd ./Middlewares/Third_Party/FreeRTOS/Source/timers.o
 *(.rodata*)
 *fill*         0x0800a4e5        0x3 
 .rodata.myLedTask_attributes
                0x0800a4e8       0x24 ./Core/Src/main.o
                0x0800a4e8                myLedTask_attributes
 .rodata.myUartTask_attributes
                0x0800a50c       0x24 ./Core/Src/main.o
                0x0800a50c                myUartTask_attributes
 .rodata.mySendSampleTas_attributes
                0x0800a530       0x24 ./Core/Src/main.o
                0x0800a530                mySendSampleTas_attributes
 .rodata.myADCTask_attributes
                0x0800a554       0x24 ./Core/Src/main.o
                0x0800a554                myADCTask_attributes
 .rodata.myTempTask_attributes
                0x0800a578       0x24 ./Core/Src/main.o
                0x0800a578                myTempTask_attributes
 .rodata.myAlarmTask_attributes
                0x0800a59c       0x24 ./Core/Src/main.o
                0x0800a59c                myAlarmTask_attributes
 .rodata.SensorDataQ_attributes
                0x0800a5c0       0x18 ./Core/Src/main.o
                0x0800a5c0                SensorDataQ_attributes
 .rodata.CommandQueue_attributes
                0x0800a5d8       0x18 ./Core/Src/main.o
                0x0800a5d8                CommandQueue_attributes
 .rodata.myBinarySem01_attributes
                0x0800a5f0       0x10 ./Core/Src/main.o
                0x0800a5f0                myBinarySem01_attributes
 .rodata.AHBPrescTable
                0x0800a600       0x10 ./Core/Src/system_stm32l4xx.o
                0x0800a600                AHBPrescTable
 .rodata.APBPrescTable
                0x0800a610        0x8 ./Core/Src/system_stm32l4xx.o
                0x0800a610                APBPrescTable
 .rodata.MSIRangeTable
                0x0800a618       0x30 ./Core/Src/system_stm32l4xx.o
                0x0800a618                MSIRangeTable
 .rodata.UARTPrescTable
                0x0800a648       0x18 ./Drivers/STM32L4xx_HAL_Driver/Src/stm32l4xx_hal_uart.o
                0x0800a648                UARTPrescTable
 .rodata.numerator.1
                0x0800a660        0x8 ./Drivers/STM32L4xx_HAL_Driver/Src/stm32l4xx_hal_uart_ex.o
 .rodata.denominator.0
                0x0800a668        0x8 ./Drivers/STM32L4xx_HAL_Driver/Src/stm32l4xx_hal_uart_ex.o
                0x0800a670                        . = ALIGN (0x4)

.ARM.extab      0x0800a670        0x0
                0x0800a670                        . = ALIGN (0x4)
 *(.ARM.extab* .gnu.linkonce.armextab.*)
                0x0800a670                        . = ALIGN (0x4)

.ARM            0x0800a670        0x8
                0x0800a670                        . = ALIGN (0x4)
                0x0800a670                        __exidx_start = .
 *(.ARM.exidx*)
 .ARM.exidx     0x0800a670        0x8 /opt/st/stm32cubeide_1.18.0/plugins/com.st.stm32cube.ide.mcu.externaltools.gnu-tools-for-stm32.13.3.rel1.linux64_1.0.0.202410170706/tools/bin/../lib/gcc/arm-none-eabi/13.3.1/thumb/v7e-m+fp/hard/libgcc.a(_udivmoddi4.o)
                0x0800a678                        __exidx_end = .
                0x0800a678                        . = ALIGN (0x4)

.rel.dyn        0x0800a678        0x0
 .rel.iplt      0x0800a678        0x0 /opt/st/stm32cubeide_1.18.0/plugins/com.st.stm32cube.ide.mcu.externaltools.gnu-tools-for-stm32.13.3.rel1.linux64_1.0.0.202410170706/tools/bin/../lib/gcc/arm-none-eabi/13.3.1/thumb/v7e-m+fp/hard/crtbegin.o

.preinit_array  0x0800a678        0x0
                0x0800a678                        . = ALIGN (0x4)
                0x0800a678                        PROVIDE (__preinit_array_start = .)
 *(.preinit_array*)
                0x0800a678                        PROVIDE (__preinit_array_end = .)
                0x0800a678                        . = ALIGN (0x4)

.init_array     0x0800a678        0x4
                0x0800a678                        . = ALIGN (0x4)
                0x0800a678                        PROVIDE (__init_array_start = .)
 *(SORT_BY_NAME(.init_array.*))
 *(.init_array*)
 .init_array    0x0800a678        0x4 /opt/st/stm32cubeide_1.18.0/plugins/com.st.stm32cube.ide.mcu.externaltools.gnu-tools-for-stm32.13.3.rel1.linux64_1.0.0.202410170706/tools/bin/../lib/gcc/arm-none-eabi/13.3.1/thumb/v7e-m+fp/hard/crtbegin.o
                0x0800a67c                        PROVIDE (__init_array_end = .)
                0x0800a67c                        . = ALIGN (0x4)

.fini_array     0x0800a67c        0x4
                0x0800a67c                        . = ALIGN (0x4)
                [!provide]                        PROVIDE (__fini_array_start = .)
 *(SORT_BY_NAME(.fini_array.*))
 *(.fini_array*)
 .fini_array    0x0800a67c        0x4 /opt/st/stm32cubeide_1.18.0/plugins/com.st.stm32cube.ide.mcu.externaltools.gnu-tools-for-stm32.13.3.rel1.linux64_1.0.0.202410170706/tools/bin/../lib/gcc/arm-none-eabi/13.3.1/thumb/v7e-m+fp/hard/crtbegin.o
                [!provide]                        PROVIDE (__fini_array_end = .)
                0x0800a680                        . = ALIGN (0x4)
                0x0800a680                        _sidata = LOADADDR (.data)

.data           0x20000000       0x60 load address 0x0800a680
                0x20000000                        . = ALIGN (0x4)
                0x20000000                        _sdata = .
 *(.data)
 *(.data*)
 .data.SystemCoreClock
                0x20000000        0x4 ./Core/Src/system_stm32l4xx.o
                0x20000000                SystemCoreClock
 .data.uwTickPrio
                0x20000004        0x4 ./Drivers/STM32L4xx_HAL_Driver/Src/stm32l4xx_hal.o
                0x20000004                uwTickPrio
 .data.uwTickFreq
                0x20000008        0x1 ./Drivers/STM32L4xx_HAL_Driver/Src/stm32l4xx_hal.o
                0x20000008                uwTickFreq
 *fill*         0x20000009        0x3 
 .data.uxCriticalNesting
                0x2000000c        0x4 ./Middlewares/Third_Party/FreeRTOS/Source/portable/GCC/ARM_CM4F/port.o
 .data._impure_ptr
                0x20000010        0x4 /opt/st/stm32cubeide_1.18.0/plugins/com.st.stm32cube.ide.mcu.externaltools.gnu-tools-for-stm32.13.3.rel1.linux64_1.0.0.202410170706/tools/bin/../lib/gcc/arm-none-eabi/13.3.1/../../../../arm-none-eabi/lib/thumb/v7e-m+fp/hard/libc_nano.a(libc_a-impure.o)
                0x20000010                _impure_ptr
 .data._impure_data
                0x20000014       0x4c /opt/st/stm32cubeide_1.18.0/plugins/com.st.stm32cube.ide.mcu.externaltools.gnu-tools-for-stm32.13.3.rel1.linux64_1.0.0.202410170706/tools/bin/../lib/gcc/arm-none-eabi/13.3.1/../../../../arm-none-eabi/lib/thumb/v7e-m+fp/hard/libc_nano.a(libc_a-impure.o)
                0x20000014                _impure_data
 *(.RamFunc)
 *(.RamFunc*)
                0x20000060                        . = ALIGN (0x4)
                0x20000060                        _edata = .

.igot.plt       0x20000060        0x0 load address 0x0800a6e0
 .igot.plt      0x20000060        0x0 /opt/st/stm32cubeide_1.18.0/plugins/com.st.stm32cube.ide.mcu.externaltools.gnu-tools-for-stm32.13.3.rel1.linux64_1.0.0.202410170706/tools/bin/../lib/gcc/arm-none-eabi/13.3.1/thumb/v7e-m+fp/hard/crtbegin.o
                0x20000060                        . = ALIGN (0x4)

.bss            0x20000060     0x2f88 load address 0x0800a6e0
                0x20000060                        _sbss = .
                0x20000060                        __bss_start__ = _sbss
 *(.bss)
 .bss           0x20000060       0x1c /opt/st/stm32cubeide_1.18.0/plugins/com.st.stm32cube.ide.mcu.externaltools.gnu-tools-for-stm32.13.3.rel1.linux64_1.0.0.202410170706/tools/bin/../lib/gcc/arm-none-eabi/13.3.1/thumb/v7e-m+fp/hard/crtbegin.o
 *(.bss*)
 .bss.hadc1     0x2000007c       0x68 ./Core/Src/main.o
                0x2000007c                hadc1
 .bss.hdfsdm1_channel2
                0x200000e4       0x38 ./Core/Src/main.o
                0x200000e4                hdfsdm1_channel2
 .bss.hi2c1     0x2000011c       0x54 ./Core/Src/main.o
                0x2000011c                hi2c1
 .bss.hi2c2     0x20000170       0x54 ./Core/Src/main.o
                0x20000170                hi2c2
 .bss.hospi1    0x200001c4       0x50 ./Core/Src/main.o
                0x200001c4                hospi1
 .bss.hspi3     0x20000214       0x64 ./Core/Src/main.o
                0x20000214                hspi3
 .bss.huart4    0x20000278       0x94 ./Core/Src/main.o
                0x20000278                huart4
 .bss.huart1    0x2000030c       0x94 ./Core/Src/main.o
                0x2000030c                huart1
 .bss.huart2    0x200003a0       0x94 ./Core/Src/main.o
                0x200003a0                huart2
 .bss.huart3    0x20000434       0x94 ./Core/Src/main.o
                0x20000434                huart3
 .bss.myLedTaskHandle
                0x200004c8        0x4 ./Core/Src/main.o
                0x200004c8                myLedTaskHandle
 .bss.myUartTaskHandle
                0x200004cc        0x4 ./Core/Src/main.o
                0x200004cc                myUartTaskHandle
 .bss.mySendSampleTasHandle
                0x200004d0        0x4 ./Core/Src/main.o
                0x200004d0                mySendSampleTasHandle
 .bss.myADCTaskHandle
                0x200004d4        0x4 ./Core/Src/main.o
                0x200004d4                myADCTaskHandle
 .bss.myTempTaskHandle
                0x200004d8        0x4 ./Core/Src/main.o
                0x200004d8                myTempTaskHandle
 .bss.myAlarmTaskHandle
                0x200004dc        0x4 ./Core/Src/main.o
                0x200004dc                myAlarmTaskHandle
 .bss.SensorDataQHandle
                0x200004e0        0x4 ./Core/Src/main.o
                0x200004e0                SensorDataQHandle
 .bss.CommandQueueHandle
                0x200004e4        0x4 ./Core/Src/main.o
                0x200004e4                CommandQueueHandle
 .bss.myBinarySem01Handle
                0x200004e8        0x4 ./Core/Src/main.o
                0x200004e8                myBinarySem01Handle
 .bss.acquisition_active
                0x200004ec        0x1 ./Core/Src/main.o
                0x200004ec                acquisition_active
 .bss.queue_overflow
                0x200004ed        0x1 ./Core/Src/main.o
                0x200004ed                queue_overflow
 *fill*         0x200004ee        0x2 
 .bss.DFSDM1_Init
                0x200004f0        0x4 ./Core/Src/stm32l4xx_hal_msp.o
 .bss.htim6     0x200004f4       0x4c ./Core/Src/stm32l4xx_hal_timebase_tim.o
                0x200004f4                htim6
 .bss.uwTick    0x20000540        0x4 ./Drivers/STM32L4xx_HAL_Driver/Src/stm32l4xx_hal.o
                0x20000540                uwTick
 .bss.v_dfsdm1ChannelCounter
                0x20000544        0x4 ./Drivers/STM32L4xx_HAL_Driver/Src/stm32l4xx_hal_dfsdm.o
 .bss.a_dfsdm1ChannelHandle
                0x20000548       0x20 ./Drivers/STM32L4xx_HAL_Driver/Src/stm32l4xx_hal_dfsdm.o
 .bss.KernelState
                0x20000568        0x4 ./Middlewares/Third_Party/FreeRTOS/Source/CMSIS_RTOS_V2/cmsis_os2.o
 .bss.Idle_TCB.3
                0x2000056c       0xa8 ./Middlewares/Third_Party/FreeRTOS/Source/CMSIS_RTOS_V2/cmsis_os2.o
 .bss.Idle_Stack.2
                0x20000614      0x200 ./Middlewares/Third_Party/FreeRTOS/Source/CMSIS_RTOS_V2/cmsis_os2.o
 .bss.Timer_TCB.1
                0x20000814       0xa8 ./Middlewares/Third_Party/FreeRTOS/Source/CMSIS_RTOS_V2/cmsis_os2.o
 .bss.Timer_Stack.0
                0x200008bc      0x400 ./Middlewares/Third_Party/FreeRTOS/Source/CMSIS_RTOS_V2/cmsis_os2.o
 .bss.xQueueRegistry
                0x20000cbc       0x40 ./Middlewares/Third_Party/FreeRTOS/Source/queue.o
                0x20000cbc                xQueueRegistry
 .bss.pxCurrentTCB
                0x20000cfc        0x4 ./Middlewares/Third_Party/FreeRTOS/Source/tasks.o
                0x20000cfc                pxCurrentTCB
 .bss.pxReadyTasksLists
                0x20000d00      0x460 ./Middlewares/Third_Party/FreeRTOS/Source/tasks.o
 .bss.xDelayedTaskList1
                0x20001160       0x14 ./Middlewares/Third_Party/FreeRTOS/Source/tasks.o
 .bss.xDelayedTaskList2
                0x20001174       0x14 ./Middlewares/Third_Party/FreeRTOS/Source/tasks.o
 .bss.pxDelayedTaskList
                0x20001188        0x4 ./Middlewares/Third_Party/FreeRTOS/Source/tasks.o
 .bss.pxOverflowDelayedTaskList
                0x2000118c        0x4 ./Middlewares/Third_Party/FreeRTOS/Source/tasks.o
 .bss.xPendingReadyList
                0x20001190       0x14 ./Middlewares/Third_Party/FreeRTOS/Source/tasks.o
 .bss.xTasksWaitingTermination
                0x200011a4       0x14 ./Middlewares/Third_Party/FreeRTOS/Source/tasks.o
 .bss.uxDeletedTasksWaitingCleanUp
                0x200011b8        0x4 ./Middlewares/Third_Party/FreeRTOS/Source/tasks.o
 .bss.xSuspendedTaskList
                0x200011bc       0x14 ./Middlewares/Third_Party/FreeRTOS/Source/tasks.o
 .bss.uxCurrentNumberOfTasks
                0x200011d0        0x4 ./Middlewares/Third_Party/FreeRTOS/Source/tasks.o
 .bss.xTickCount
                0x200011d4        0x4 ./Middlewares/Third_Party/FreeRTOS/Source/tasks.o
 .bss.uxTopReadyPriority
                0x200011d8        0x4 ./Middlewares/Third_Party/FreeRTOS/Source/tasks.o
 .bss.xSchedulerRunning
                0x200011dc        0x4 ./Middlewares/Third_Party/FreeRTOS/Source/tasks.o
 .bss.xPendedTicks
                0x200011e0        0x4 ./Middlewares/Third_Party/FreeRTOS/Source/tasks.o
 .bss.xYieldPending
                0x200011e4        0x4 ./Middlewares/Third_Party/FreeRTOS/Source/tasks.o
 .bss.xNumOfOverflows
                0x200011e8        0x4 ./Middlewares/Third_Party/FreeRTOS/Source/tasks.o
 .bss.uxTaskNumber
                0x200011ec        0x4 ./Middlewares/Third_Party/FreeRTOS/Source/tasks.o
 .bss.xNextTaskUnblockTime
                0x200011f0        0x4 ./Middlewares/Third_Party/FreeRTOS/Source/tasks.o
 .bss.xIdleTaskHandle
                0x200011f4        0x4 ./Middlewares/Third_Party/FreeRTOS/Source/tasks.o
 .bss.uxSchedulerSuspended
                0x200011f8        0x4 ./Middlewares/Third_Party/FreeRTOS/Source/tasks.o
 .bss.xActiveTimerList1
                0x200011fc       0x14 ./Middlewares/Third_Party/FreeRTOS/Source/timers.o
 .bss.xActiveTimerList2
                0x20001210       0x14 ./Middlewares/Third_Party/FreeRTOS/Source/timers.o
 .bss.pxCurrentTimerList
                0x20001224        0x4 ./Middlewares/Third_Party/FreeRTOS/Source/timers.o
 .bss.pxOverflowTimerList
                0x20001228        0x4 ./Middlewares/Third_Party/FreeRTOS/Source/timers.o
 .bss.xTimerQueue
                0x2000122c        0x4 ./Middlewares/Third_Party/FreeRTOS/Source/timers.o
 .bss.xTimerTaskHandle
                0x20001230        0x4 ./Middlewares/Third_Party/FreeRTOS/Source/timers.o
 .bss.xLastTime.2
                0x20001234        0x4 ./Middlewares/Third_Party/FreeRTOS/Source/timers.o
 .bss.ucStaticTimerQueueStorage.1
                0x20001238       0xa0 ./Middlewares/Third_Party/FreeRTOS/Source/timers.o
 .bss.xStaticTimerQueue.0
                0x200012d8       0x50 ./Middlewares/Third_Party/FreeRTOS/Source/timers.o
 .bss.ucMaxSysCallPriority
                0x20001328        0x1 ./Middlewares/Third_Party/FreeRTOS/Source/portable/GCC/ARM_CM4F/port.o
 *fill*         0x20001329        0x3 
 .bss.ulMaxPRIGROUPValue
                0x2000132c        0x4 ./Middlewares/Third_Party/FreeRTOS/Source/portable/GCC/ARM_CM4F/port.o
 .bss.ucHeap    0x20001330     0x1b58 ./Middlewares/Third_Party/FreeRTOS/Source/portable/MemMang/heap_4.o
 .bss.xStart    0x20002e88        0x8 ./Middlewares/Third_Party/FreeRTOS/Source/portable/MemMang/heap_4.o
 .bss.pxEnd     0x20002e90        0x4 ./Middlewares/Third_Party/FreeRTOS/Source/portable/MemMang/heap_4.o
 .bss.xFreeBytesRemaining
                0x20002e94        0x4 ./Middlewares/Third_Party/FreeRTOS/Source/portable/MemMang/heap_4.o
 .bss.xMinimumEverFreeBytesRemaining
                0x20002e98        0x4 ./Middlewares/Third_Party/FreeRTOS/Source/portable/MemMang/heap_4.o
 .bss.xNumberOfSuccessfulAllocations
                0x20002e9c        0x4 ./Middlewares/Third_Party/FreeRTOS/Source/portable/MemMang/heap_4.o
 .bss.xNumberOfSuccessfulFrees
                0x20002ea0        0x4 ./Middlewares/Third_Party/FreeRTOS/Source/portable/MemMang/heap_4.o
 .bss.xBlockAllocatedBit
                0x20002ea4        0x4 ./Middlewares/Third_Party/FreeRTOS/Source/portable/MemMang/heap_4.o
 .bss.__sf      0x20002ea8      0x138 /opt/st/stm32cubeide_1.18.0/plugins/com.st.stm32cube.ide.mcu.externaltools.gnu-tools-for-stm32.13.3.rel1.linux64_1.0.0.202410170706/tools/bin/../lib/gcc/arm-none-eabi/13.3.1/../../../../arm-none-eabi/lib/thumb/v7e-m+fp/hard/libc_nano.a(libc_a-findfp.o)
                0x20002ea8                __sf
 .bss.__lock___malloc_recursive_mutex
                0x20002fe0        0x1 /opt/st/stm32cubeide_1.18.0/plugins/com.st.stm32cube.ide.mcu.externaltools.gnu-tools-for-stm32.13.3.rel1.linux64_1.0.0.202410170706/tools/bin/../lib/gcc/arm-none-eabi/13.3.1/../../../../arm-none-eabi/lib/thumb/v7e-m+fp/hard/libc_nano.a(libc_a-lock.o)
                0x20002fe0                __lock___malloc_recursive_mutex
 *fill*         0x20002fe1        0x3 
 .bss.__malloc_free_list
                0x20002fe4        0x4 /opt/st/stm32cubeide_1.18.0/plugins/com.st.stm32cube.ide.mcu.externaltools.gnu-tools-for-stm32.13.3.rel1.linux64_1.0.0.202410170706/tools/bin/../lib/gcc/arm-none-eabi/13.3.1/../../../../arm-none-eabi/lib/thumb/v7e-m+fp/hard/libc_nano.a(libc_a-mallocr.o)
                0x20002fe4                __malloc_free_list
 *(COMMON)
                0x20002fe8                        . = ALIGN (0x4)
                0x20002fe8                        _ebss = .
                0x20002fe8                        __bss_end__ = _ebss

._user_heap_stack
                0x20002fe8      0x600 load address 0x0800a6e0
                0x20002fe8                        . = ALIGN (0x8)
                [!provide]                        PROVIDE (end = .)
                0x20002fe8                        PROVIDE (_end = .)
                0x200031e8                        . = (. + _Min_Heap_Size)
 *fill*         0x20002fe8      0x200 
                0x200035e8                        . = (. + _Min_Stack_Size)
 *fill*         0x200031e8      0x400 
                0x200035e8                        . = ALIGN (0x8)

/DISCARD/
 libc.a(*)
 libm.a(*)
 libgcc.a(*)

.ARM.attributes
                0x00000000       0x30
 *(.ARM.attributes)
 .ARM.attributes
                0x00000000       0x22 /opt/st/stm32cubeide_1.18.0/plugins/com.st.stm32cube.ide.mcu.externaltools.gnu-tools-for-stm32.13.3.rel1.linux64_1.0.0.202410170706/tools/bin/../lib/gcc/arm-none-eabi/13.3.1/thumb/v7e-m+fp/hard/crti.o
 .ARM.attributes
                0x00000022       0x34 /opt/st/stm32cubeide_1.18.0/plugins/com.st.stm32cube.ide.mcu.externaltools.gnu-tools-for-stm32.13.3.rel1.linux64_1.0.0.202410170706/tools/bin/../lib/gcc/arm-none-eabi/13.3.1/thumb/v7e-m+fp/hard/crtbegin.o
 .ARM.attributes
                0x00000056       0x34 ./Core/Src/main.o
 .ARM.attributes
                0x0000008a       0x34 ./Core/Src/stm32l4xx_hal_msp.o
 .ARM.attributes
                0x000000be       0x34 ./Core/Src/stm32l4xx_hal_timebase_tim.o
 .ARM.attributes
                0x000000f2       0x34 ./Core/Src/stm32l4xx_it.o
 .ARM.attributes
                0x00000126       0x34 ./Core/Src/system_stm32l4xx.o
 .ARM.attributes
                0x0000015a       0x21 ./Core/Startup/startup_stm32l4s5vitx.o
 .ARM.attributes
                0x0000017b       0x34 ./Drivers/STM32L4xx_HAL_Driver/Src/stm32l4xx_hal.o
 .ARM.attributes
                0x000001af       0x34 ./Drivers/STM32L4xx_HAL_Driver/Src/stm32l4xx_hal_adc.o
 .ARM.attributes
                0x000001e3       0x34 ./Drivers/STM32L4xx_HAL_Driver/Src/stm32l4xx_hal_cortex.o
 .ARM.attributes
                0x00000217       0x34 ./Drivers/STM32L4xx_HAL_Driver/Src/stm32l4xx_hal_dfsdm.o
 .ARM.attributes
                0x0000024b       0x34 ./Drivers/STM32L4xx_HAL_Driver/Src/stm32l4xx_hal_gpio.o
 .ARM.attributes
                0x0000027f       0x34 ./Drivers/STM32L4xx_HAL_Driver/Src/stm32l4xx_hal_i2c.o
 .ARM.attributes
                0x000002b3       0x34 ./Drivers/STM32L4xx_HAL_Driver/Src/stm32l4xx_hal_i2c_ex.o
 .ARM.attributes
                0x000002e7       0x34 ./Drivers/STM32L4xx_HAL_Driver/Src/stm32l4xx_hal_ospi.o
 .ARM.attributes
                0x0000031b       0x34 ./Drivers/STM32L4xx_HAL_Driver/Src/stm32l4xx_hal_pwr.o
 .ARM.attributes
                0x0000034f       0x34 ./Drivers/STM32L4xx_HAL_Driver/Src/stm32l4xx_hal_pwr_ex.o
 .ARM.attributes
                0x00000383       0x34 ./Drivers/STM32L4xx_HAL_Driver/Src/stm32l4xx_hal_rcc.o
 .ARM.attributes
                0x000003b7       0x34 ./Drivers/STM32L4xx_HAL_Driver/Src/stm32l4xx_hal_rcc_ex.o
 .ARM.attributes
                0x000003eb       0x34 ./Drivers/STM32L4xx_HAL_Driver/Src/stm32l4xx_hal_spi.o
 .ARM.attributes
                0x0000041f       0x34 ./Drivers/STM32L4xx_HAL_Driver/Src/stm32l4xx_hal_tim.o
 .ARM.attributes
                0x00000453       0x34 ./Drivers/STM32L4xx_HAL_Driver/Src/stm32l4xx_hal_tim_ex.o
 .ARM.attributes
                0x00000487       0x34 ./Drivers/STM32L4xx_HAL_Driver/Src/stm32l4xx_hal_uart.o
 .ARM.attributes
                0x000004bb       0x34 ./Drivers/STM32L4xx_HAL_Driver/Src/stm32l4xx_hal_uart_ex.o
 .ARM.attributes
                0x000004ef       0x34 ./Middlewares/Third_Party/FreeRTOS/Source/CMSIS_RTOS_V2/cmsis_os2.o
 .ARM.attributes
                0x00000523       0x34 ./Middlewares/Third_Party/FreeRTOS/Source/list.o
 .ARM.attributes
                0x00000557       0x34 ./Middlewares/Third_Party/FreeRTOS/Source/queue.o
 .ARM.attributes
                0x0000058b       0x34 ./Middlewares/Third_Party/FreeRTOS/Source/tasks.o
 .ARM.attributes
                0x000005bf       0x34 ./Middlewares/Third_Party/FreeRTOS/Source/timers.o
 .ARM.attributes
                0x000005f3       0x34 ./Middlewares/Third_Party/FreeRTOS/Source/portable/GCC/ARM_CM4F/port.o
 .ARM.attributes
                0x00000627       0x34 ./Middlewares/Third_Party/FreeRTOS/Source/portable/MemMang/heap_4.o
 .ARM.attributes
                0x0000065b       0x34 /opt/st/stm32cubeide_1.18.0/plugins/com.st.stm32cube.ide.mcu.externaltools.gnu-tools-for-stm32.13.3.rel1.linux64_1.0.0.202410170706/tools/bin/../lib/gcc/arm-none-eabi/13.3.1/../../../../arm-none-eabi/lib/thumb/v7e-m+fp/hard/libc_nano.a(libc_a-findfp.o)
 .ARM.attributes
                0x0000068f       0x34 /opt/st/stm32cubeide_1.18.0/plugins/com.st.stm32cube.ide.mcu.externaltools.gnu-tools-for-stm32.13.3.rel1.linux64_1.0.0.202410170706/tools/bin/../lib/gcc/arm-none-eabi/13.3.1/../../../../arm-none-eabi/lib/thumb/v7e-m+fp/hard/libc_nano.a(libc_a-memset.o)
 .ARM.attributes
                0x000006c3       0x34 /opt/st/stm32cubeide_1.18.0/plugins/com.st.stm32cube.ide.mcu.externaltools.gnu-tools-for-stm32.13.3.rel1.linux64_1.0.0.202410170706/tools/bin/../lib/gcc/arm-none-eabi/13.3.1/../../../../arm-none-eabi/lib/thumb/v7e-m+fp/hard/libc_nano.a(libc_a-reent.o)
 .ARM.attributes
                0x000006f7       0x34 /opt/st/stm32cubeide_1.18.0/plugins/com.st.stm32cube.ide.mcu.externaltools.gnu-tools-for-stm32.13.3.rel1.linux64_1.0.0.202410170706/tools/bin/../lib/gcc/arm-none-eabi/13.3.1/../../../../arm-none-eabi/lib/thumb/v7e-m+fp/hard/libc_nano.a(libc_a-impure.o)
 .ARM.attributes
                0x0000072b       0x34 /opt/st/stm32cubeide_1.18.0/plugins/com.st.stm32cube.ide.mcu.externaltools.gnu-tools-for-stm32.13.3.rel1.linux64_1.0.0.202410170706/tools/bin/../lib/gcc/arm-none-eabi/13.3.1/../../../../arm-none-eabi/lib/thumb/v7e-m+fp/hard/libc_nano.a(libc_a-init.o)
 .ARM.attributes
                0x0000075f       0x34 /opt/st/stm32cubeide_1.18.0/plugins/com.st.stm32cube.ide.mcu.externaltools.gnu-tools-for-stm32.13.3.rel1.linux64_1.0.0.202410170706/tools/bin/../lib/gcc/arm-none-eabi/13.3.1/../../../../arm-none-eabi/lib/thumb/v7e-m+fp/hard/libc_nano.a(libc_a-lock.o)
 .ARM.attributes
                0x00000793       0x34 /opt/st/stm32cubeide_1.18.0/plugins/com.st.stm32cube.ide.mcu.externaltools.gnu-tools-for-stm32.13.3.rel1.linux64_1.0.0.202410170706/tools/bin/../lib/gcc/arm-none-eabi/13.3.1/../../../../arm-none-eabi/lib/thumb/v7e-m+fp/hard/libc_nano.a(libc_a-memcpy-stub.o)
 .ARM.attributes
                0x000007c7       0x34 /opt/st/stm32cubeide_1.18.0/plugins/com.st.stm32cube.ide.mcu.externaltools.gnu-tools-for-stm32.13.3.rel1.linux64_1.0.0.202410170706/tools/bin/../lib/gcc/arm-none-eabi/13.3.1/../../../../arm-none-eabi/lib/thumb/v7e-m+fp/hard/libc_nano.a(libc_a-freer.o)
 .ARM.attributes
                0x000007fb       0x34 /opt/st/stm32cubeide_1.18.0/plugins/com.st.stm32cube.ide.mcu.externaltools.gnu-tools-for-stm32.13.3.rel1.linux64_1.0.0.202410170706/tools/bin/../lib/gcc/arm-none-eabi/13.3.1/../../../../arm-none-eabi/lib/thumb/v7e-m+fp/hard/libc_nano.a(libc_a-mallocr.o)
 .ARM.attributes
                0x0000082f       0x34 /opt/st/stm32cubeide_1.18.0/plugins/com.st.stm32cube.ide.mcu.externaltools.gnu-tools-for-stm32.13.3.rel1.linux64_1.0.0.202410170706/tools/bin/../lib/gcc/arm-none-eabi/13.3.1/../../../../arm-none-eabi/lib/thumb/v7e-m+fp/hard/libc_nano.a(libc_a-mlock.o)
 .ARM.attributes
                0x00000863       0x22 /opt/st/stm32cubeide_1.18.0/plugins/com.st.stm32cube.ide.mcu.externaltools.gnu-tools-for-stm32.13.3.rel1.linux64_1.0.0.202410170706/tools/bin/../lib/gcc/arm-none-eabi/13.3.1/thumb/v7e-m+fp/hard/libgcc.a(_aeabi_uldivmod.o)
 .ARM.attributes
                0x00000885       0x34 /opt/st/stm32cubeide_1.18.0/plugins/com.st.stm32cube.ide.mcu.externaltools.gnu-tools-for-stm32.13.3.rel1.linux64_1.0.0.202410170706/tools/bin/../lib/gcc/arm-none-eabi/13.3.1/thumb/v7e-m+fp/hard/libgcc.a(_udivmoddi4.o)
 .ARM.attributes
                0x000008b9       0x22 /opt/st/stm32cubeide_1.18.0/plugins/com.st.stm32cube.ide.mcu.externaltools.gnu-tools-for-stm32.13.3.rel1.linux64_1.0.0.202410170706/tools/bin/../lib/gcc/arm-none-eabi/13.3.1/thumb/v7e-m+fp/hard/libgcc.a(_dvmd_tls.o)
 .ARM.attributes
                0x000008db       0x22 /opt/st/stm32cubeide_1.18.0/plugins/com.st.stm32cube.ide.mcu.externaltools.gnu-tools-for-stm32.13.3.rel1.linux64_1.0.0.202410170706/tools/bin/../lib/gcc/arm-none-eabi/13.3.1/thumb/v7e-m+fp/hard/crtn.o
OUTPUT(DEMO_FREERTOS.elf elf32-littlearm)
LOAD linker stubs
LOAD /opt/st/stm32cubeide_1.18.0/plugins/com.st.stm32cube.ide.mcu.externaltools.gnu-tools-for-stm32.13.3.rel1.linux64_1.0.0.202410170706/tools/bin/../lib/gcc/arm-none-eabi/13.3.1/../../../../arm-none-eabi/lib/thumb/v7e-m+fp/hard/libc.a
LOAD /opt/st/stm32cubeide_1.18.0/plugins/com.st.stm32cube.ide.mcu.externaltools.gnu-tools-for-stm32.13.3.rel1.linux64_1.0.0.202410170706/tools/bin/../lib/gcc/arm-none-eabi/13.3.1/../../../../arm-none-eabi/lib/thumb/v7e-m+fp/hard/libm.a
LOAD /opt/st/stm32cubeide_1.18.0/plugins/com.st.stm32cube.ide.mcu.externaltools.gnu-tools-for-stm32.13.3.rel1.linux64_1.0.0.202410170706/tools/bin/../lib/gcc/arm-none-eabi/13.3.1/thumb/v7e-m+fp/hard/libgcc.a

.debug_info     0x00000000    0x2a515
 .debug_info    0x00000000     0x330e ./Core/Src/main.o
 .debug_info    0x0000330e     0x24eb ./Core/Src/stm32l4xx_hal_msp.o
 .debug_info    0x000057f9      0xdfd ./Core/Src/stm32l4xx_hal_timebase_tim.o
 .debug_info    0x000065f6      0x83f ./Core/Src/stm32l4xx_it.o
 .debug_info    0x00006e35      0x5e9 ./Core/Src/system_stm32l4xx.o
 .debug_info    0x0000741e       0x30 ./Core/Startup/startup_stm32l4s5vitx.o
 .debug_info    0x0000744e      0xb4f ./Drivers/STM32L4xx_HAL_Driver/Src/stm32l4xx_hal.o
 .debug_info    0x00007f9d     0x1e20 ./Drivers/STM32L4xx_HAL_Driver/Src/stm32l4xx_hal_adc.o
 .debug_info    0x00009dbd      0xd9f ./Drivers/STM32L4xx_HAL_Driver/Src/stm32l4xx_hal_cortex.o
 .debug_info    0x0000ab5c     0x1b78 ./Drivers/STM32L4xx_HAL_Driver/Src/stm32l4xx_hal_dfsdm.o
 .debug_info    0x0000c6d4      0x787 ./Drivers/STM32L4xx_HAL_Driver/Src/stm32l4xx_hal_gpio.o
 .debug_info    0x0000ce5b     0x21ea ./Drivers/STM32L4xx_HAL_Driver/Src/stm32l4xx_hal_i2c.o
 .debug_info    0x0000f045      0xafd ./Drivers/STM32L4xx_HAL_Driver/Src/stm32l4xx_hal_i2c_ex.o
 .debug_info    0x0000fb42     0x180d ./Drivers/STM32L4xx_HAL_Driver/Src/stm32l4xx_hal_ospi.o
 .debug_info    0x0001134f      0x99e ./Drivers/STM32L4xx_HAL_Driver/Src/stm32l4xx_hal_pwr.o
 .debug_info    0x00011ced      0xa0a ./Drivers/STM32L4xx_HAL_Driver/Src/stm32l4xx_hal_pwr_ex.o
 .debug_info    0x000126f7      0xd32 ./Drivers/STM32L4xx_HAL_Driver/Src/stm32l4xx_hal_rcc.o
 .debug_info    0x00013429     0x1167 ./Drivers/STM32L4xx_HAL_Driver/Src/stm32l4xx_hal_rcc_ex.o
 .debug_info    0x00014590     0x165d ./Drivers/STM32L4xx_HAL_Driver/Src/stm32l4xx_hal_spi.o
 .debug_info    0x00015bed     0x2bc0 ./Drivers/STM32L4xx_HAL_Driver/Src/stm32l4xx_hal_tim.o
 .debug_info    0x000187ad     0x17c4 ./Drivers/STM32L4xx_HAL_Driver/Src/stm32l4xx_hal_tim_ex.o
 .debug_info    0x00019f71     0x4875 ./Drivers/STM32L4xx_HAL_Driver/Src/stm32l4xx_hal_uart.o
 .debug_info    0x0001e7e6     0x1018 ./Drivers/STM32L4xx_HAL_Driver/Src/stm32l4xx_hal_uart_ex.o
 .debug_info    0x0001f7fe     0x412b ./Middlewares/Third_Party/FreeRTOS/Source/CMSIS_RTOS_V2/cmsis_os2.o
 .debug_info    0x00023929      0x2af ./Middlewares/Third_Party/FreeRTOS/Source/list.o
 .debug_info    0x00023bd8     0x1b79 ./Middlewares/Third_Party/FreeRTOS/Source/queue.o
 .debug_info    0x00025751     0x28c1 ./Middlewares/Third_Party/FreeRTOS/Source/tasks.o
 .debug_info    0x00028012     0x1b50 ./Middlewares/Third_Party/FreeRTOS/Source/timers.o
 .debug_info    0x00029b62      0x4de ./Middlewares/Third_Party/FreeRTOS/Source/portable/GCC/ARM_CM4F/port.o
 .debug_info    0x0002a040      0x4d5 ./Middlewares/Third_Party/FreeRTOS/Source/portable/MemMang/heap_4.o

.debug_abbrev   0x00000000     0x49d2
 .debug_abbrev  0x00000000      0x308 ./Core/Src/main.o
 .debug_abbrev  0x00000308      0x256 ./Core/Src/stm32l4xx_hal_msp.o
 .debug_abbrev  0x0000055e      0x1f2 ./Core/Src/stm32l4xx_hal_timebase_tim.o
 .debug_abbrev  0x00000750      0x17e ./Core/Src/stm32l4xx_it.o
 .debug_abbrev  0x000008ce      0x11a ./Core/Src/system_stm32l4xx.o
 .debug_abbrev  0x000009e8       0x24 ./Core/Startup/startup_stm32l4s5vitx.o
 .debug_abbrev  0x00000a0c      0x242 ./Drivers/STM32L4xx_HAL_Driver/Src/stm32l4xx_hal.o
 .debug_abbrev  0x00000c4e      0x2d4 ./Drivers/STM32L4xx_HAL_Driver/Src/stm32l4xx_hal_adc.o
 .debug_abbrev  0x00000f22      0x31c ./Drivers/STM32L4xx_HAL_Driver/Src/stm32l4xx_hal_cortex.o
 .debug_abbrev  0x0000123e      0x27b ./Drivers/STM32L4xx_HAL_Driver/Src/stm32l4xx_hal_dfsdm.o
 .debug_abbrev  0x000014b9      0x1cb ./Drivers/STM32L4xx_HAL_Driver/Src/stm32l4xx_hal_gpio.o
 .debug_abbrev  0x00001684      0x25e ./Drivers/STM32L4xx_HAL_Driver/Src/stm32l4xx_hal_i2c.o
 .debug_abbrev  0x000018e2      0x1c0 ./Drivers/STM32L4xx_HAL_Driver/Src/stm32l4xx_hal_i2c_ex.o
 .debug_abbrev  0x00001aa2      0x2be ./Drivers/STM32L4xx_HAL_Driver/Src/stm32l4xx_hal_ospi.o
 .debug_abbrev  0x00001d60      0x1d4 ./Drivers/STM32L4xx_HAL_Driver/Src/stm32l4xx_hal_pwr.o
 .debug_abbrev  0x00001f34      0x1f9 ./Drivers/STM32L4xx_HAL_Driver/Src/stm32l4xx_hal_pwr_ex.o
 .debug_abbrev  0x0000212d      0x306 ./Drivers/STM32L4xx_HAL_Driver/Src/stm32l4xx_hal_rcc.o
 .debug_abbrev  0x00002433      0x2a3 ./Drivers/STM32L4xx_HAL_Driver/Src/stm32l4xx_hal_rcc_ex.o
 .debug_abbrev  0x000026d6      0x25d ./Drivers/STM32L4xx_HAL_Driver/Src/stm32l4xx_hal_spi.o
 .debug_abbrev  0x00002933      0x276 ./Drivers/STM32L4xx_HAL_Driver/Src/stm32l4xx_hal_tim.o
 .debug_abbrev  0x00002ba9      0x281 ./Drivers/STM32L4xx_HAL_Driver/Src/stm32l4xx_hal_tim_ex.o
 .debug_abbrev  0x00002e2a      0x304 ./Drivers/STM32L4xx_HAL_Driver/Src/stm32l4xx_hal_uart.o
 .debug_abbrev  0x0000312e      0x2d2 ./Drivers/STM32L4xx_HAL_Driver/Src/stm32l4xx_hal_uart_ex.o
 .debug_abbrev  0x00003400      0x548 ./Middlewares/Third_Party/FreeRTOS/Source/CMSIS_RTOS_V2/cmsis_os2.o
 .debug_abbrev  0x00003948       0xf5 ./Middlewares/Third_Party/FreeRTOS/Source/list.o
 .debug_abbrev  0x00003a3d      0x3b6 ./Middlewares/Third_Party/FreeRTOS/Source/queue.o
 .debug_abbrev  0x00003df3      0x3fe ./Middlewares/Third_Party/FreeRTOS/Source/tasks.o
 .debug_abbrev  0x000041f1      0x368 ./Middlewares/Third_Party/FreeRTOS/Source/timers.o
 .debug_abbrev  0x00004559      0x25c ./Middlewares/Third_Party/FreeRTOS/Source/portable/GCC/ARM_CM4F/port.o
 .debug_abbrev  0x000047b5      0x21d ./Middlewares/Third_Party/FreeRTOS/Source/portable/MemMang/heap_4.o

.debug_aranges  0x00000000     0x2388
 .debug_aranges
                0x00000000       0xd0 ./Core/Src/main.o
 .debug_aranges
                0x000000d0       0x80 ./Core/Src/stm32l4xx_hal_msp.o
 .debug_aranges
                0x00000150       0x30 ./Core/Src/stm32l4xx_hal_timebase_tim.o
 .debug_aranges
                0x00000180       0x60 ./Core/Src/stm32l4xx_it.o
 .debug_aranges
                0x000001e0       0x28 ./Core/Src/system_stm32l4xx.o
 .debug_aranges
                0x00000208       0x28 ./Core/Startup/startup_stm32l4s5vitx.o
 .debug_aranges
                0x00000230      0x130 ./Drivers/STM32L4xx_HAL_Driver/Src/stm32l4xx_hal.o
 .debug_aranges
                0x00000360      0x218 ./Drivers/STM32L4xx_HAL_Driver/Src/stm32l4xx_hal_adc.o
 .debug_aranges
                0x00000578      0x128 ./Drivers/STM32L4xx_HAL_Driver/Src/stm32l4xx_hal_cortex.o
 .debug_aranges
                0x000006a0      0x248 ./Drivers/STM32L4xx_HAL_Driver/Src/stm32l4xx_hal_dfsdm.o
 .debug_aranges
                0x000008e8       0x58 ./Drivers/STM32L4xx_HAL_Driver/Src/stm32l4xx_hal_gpio.o
 .debug_aranges
                0x00000940      0x2a0 ./Drivers/STM32L4xx_HAL_Driver/Src/stm32l4xx_hal_i2c.o
 .debug_aranges
                0x00000be0       0x48 ./Drivers/STM32L4xx_HAL_Driver/Src/stm32l4xx_hal_i2c_ex.o
 .debug_aranges
                0x00000c28      0x170 ./Drivers/STM32L4xx_HAL_Driver/Src/stm32l4xx_hal_ospi.o
 .debug_aranges
                0x00000d98       0x98 ./Drivers/STM32L4xx_HAL_Driver/Src/stm32l4xx_hal_pwr.o
 .debug_aranges
                0x00000e30      0x170 ./Drivers/STM32L4xx_HAL_Driver/Src/stm32l4xx_hal_pwr_ex.o
 .debug_aranges
                0x00000fa0       0x98 ./Drivers/STM32L4xx_HAL_Driver/Src/stm32l4xx_hal_rcc.o
 .debug_aranges
                0x00001038      0x110 ./Drivers/STM32L4xx_HAL_Driver/Src/stm32l4xx_hal_rcc_ex.o
 .debug_aranges
                0x00001148      0x1d8 ./Drivers/STM32L4xx_HAL_Driver/Src/stm32l4xx_hal_spi.o
 .debug_aranges
                0x00001320      0x3e0 ./Drivers/STM32L4xx_HAL_Driver/Src/stm32l4xx_hal_tim.o
 .debug_aranges
                0x00001700      0x180 ./Drivers/STM32L4xx_HAL_Driver/Src/stm32l4xx_hal_tim_ex.o
 .debug_aranges
                0x00001880      0x248 ./Drivers/STM32L4xx_HAL_Driver/Src/stm32l4xx_hal_uart.o
 .debug_aranges
                0x00001ac8       0xa8 ./Drivers/STM32L4xx_HAL_Driver/Src/stm32l4xx_hal_uart_ex.o
 .debug_aranges
                0x00001b70      0x2b0 ./Middlewares/Third_Party/FreeRTOS/Source/CMSIS_RTOS_V2/cmsis_os2.o
 .debug_aranges
                0x00001e20       0x40 ./Middlewares/Third_Party/FreeRTOS/Source/list.o
 .debug_aranges
                0x00001e60      0x158 ./Middlewares/Third_Party/FreeRTOS/Source/queue.o
 .debug_aranges
                0x00001fb8      0x208 ./Middlewares/Third_Party/FreeRTOS/Source/tasks.o
 .debug_aranges
                0x000021c0       0xf0 ./Middlewares/Third_Party/FreeRTOS/Source/timers.o
 .debug_aranges
                0x000022b0       0x80 ./Middlewares/Third_Party/FreeRTOS/Source/portable/GCC/ARM_CM4F/port.o
 .debug_aranges
                0x00002330       0x58 ./Middlewares/Third_Party/FreeRTOS/Source/portable/MemMang/heap_4.o

.debug_rnglists
                0x00000000     0x1bce
 .debug_rnglists
                0x00000000       0xa2 ./Core/Src/main.o
 .debug_rnglists
                0x000000a2       0x62 ./Core/Src/stm32l4xx_hal_msp.o
 .debug_rnglists
                0x00000104       0x20 ./Core/Src/stm32l4xx_hal_timebase_tim.o
 .debug_rnglists
                0x00000124       0x43 ./Core/Src/stm32l4xx_it.o
 .debug_rnglists
                0x00000167       0x1a ./Core/Src/system_stm32l4xx.o
 .debug_rnglists
                0x00000181       0x19 ./Core/Startup/startup_stm32l4s5vitx.o
 .debug_rnglists
                0x0000019a       0xdf ./Drivers/STM32L4xx_HAL_Driver/Src/stm32l4xx_hal.o
 .debug_rnglists
                0x00000279      0x19c ./Drivers/STM32L4xx_HAL_Driver/Src/stm32l4xx_hal_adc.o
 .debug_rnglists
                0x00000415       0xda ./Drivers/STM32L4xx_HAL_Driver/Src/stm32l4xx_hal_cortex.o
 .debug_rnglists
                0x000004ef      0x1c7 ./Drivers/STM32L4xx_HAL_Driver/Src/stm32l4xx_hal_dfsdm.o
 .debug_rnglists
                0x000006b6       0x3f ./Drivers/STM32L4xx_HAL_Driver/Src/stm32l4xx_hal_gpio.o
 .debug_rnglists
                0x000006f5      0x228 ./Drivers/STM32L4xx_HAL_Driver/Src/stm32l4xx_hal_i2c.o
 .debug_rnglists
                0x0000091d       0x35 ./Drivers/STM32L4xx_HAL_Driver/Src/stm32l4xx_hal_i2c_ex.o
 .debug_rnglists
                0x00000952      0x122 ./Drivers/STM32L4xx_HAL_Driver/Src/stm32l4xx_hal_ospi.o
 .debug_rnglists
                0x00000a74       0x6e ./Drivers/STM32L4xx_HAL_Driver/Src/stm32l4xx_hal_pwr.o
 .debug_rnglists
                0x00000ae2      0x115 ./Drivers/STM32L4xx_HAL_Driver/Src/stm32l4xx_hal_pwr_ex.o
 .debug_rnglists
                0x00000bf7       0x74 ./Drivers/STM32L4xx_HAL_Driver/Src/stm32l4xx_hal_rcc.o
 .debug_rnglists
                0x00000c6b       0xd4 ./Drivers/STM32L4xx_HAL_Driver/Src/stm32l4xx_hal_rcc_ex.o
 .debug_rnglists
                0x00000d3f      0x178 ./Drivers/STM32L4xx_HAL_Driver/Src/stm32l4xx_hal_spi.o
 .debug_rnglists
                0x00000eb7      0x328 ./Drivers/STM32L4xx_HAL_Driver/Src/stm32l4xx_hal_tim.o
 .debug_rnglists
                0x000011df      0x139 ./Drivers/STM32L4xx_HAL_Driver/Src/stm32l4xx_hal_tim_ex.o
 .debug_rnglists
                0x00001318      0x1fa ./Drivers/STM32L4xx_HAL_Driver/Src/stm32l4xx_hal_uart.o
 .debug_rnglists
                0x00001512       0x7f ./Drivers/STM32L4xx_HAL_Driver/Src/stm32l4xx_hal_uart_ex.o
 .debug_rnglists
                0x00001591      0x212 ./Middlewares/Third_Party/FreeRTOS/Source/CMSIS_RTOS_V2/cmsis_os2.o
 .debug_rnglists
                0x000017a3       0x2b ./Middlewares/Third_Party/FreeRTOS/Source/list.o
 .debug_rnglists
                0x000017ce      0x109 ./Middlewares/Third_Party/FreeRTOS/Source/queue.o
 .debug_rnglists
                0x000018d7      0x1a0 ./Middlewares/Third_Party/FreeRTOS/Source/tasks.o
 .debug_rnglists
                0x00001a77       0xb8 ./Middlewares/Third_Party/FreeRTOS/Source/timers.o
 .debug_rnglists
                0x00001b2f       0x5d ./Middlewares/Third_Party/FreeRTOS/Source/portable/GCC/ARM_CM4F/port.o
 .debug_rnglists
                0x00001b8c       0x42 ./Middlewares/Third_Party/FreeRTOS/Source/portable/MemMang/heap_4.o

.debug_macro    0x00000000     0x504e
 .debug_macro   0x00000000      0x3f9 ./Core/Src/main.o
 .debug_macro   0x000003f9       0x5c ./Core/Src/main.o
 .debug_macro   0x00000455      0x16f ./Core/Src/main.o
 .debug_macro   0x000005c4       0x66 ./Core/Src/main.o
 .debug_macro   0x0000062a       0x74 ./Core/Src/main.o
 .debug_macro   0x0000069e       0xdd ./Core/Src/main.o
 .debug_macro   0x0000077b       0x1c ./Core/Src/main.o
 .debug_macro   0x00000797       0x10 ./Core/Src/main.o
 .debug_macro   0x000007a7       0x1c ./Core/Src/main.o
 .debug_macro   0x000007c3       0x16 ./Core/Src/main.o
 .debug_macro   0x000007d9      0x146 ./Core/Src/main.o
 .debug_macro   0x0000091f       0x16 ./Core/Src/main.o
 .debug_macro   0x00000935       0x20 ./Core/Src/main.o
 .debug_macro   0x00000955      0x251 ./Core/Src/stm32l4xx_hal_msp.o
 .debug_macro   0x00000ba6      0x242 ./Core/Src/stm32l4xx_hal_timebase_tim.o
 .debug_macro   0x00000de8      0x25b ./Core/Src/stm32l4xx_it.o
 .debug_macro   0x00001043      0x242 ./Core/Src/system_stm32l4xx.o
 .debug_macro   0x00001285      0x290 ./Drivers/STM32L4xx_HAL_Driver/Src/stm32l4xx_hal.o