../Core/Src/main.c:174:5:main	8	static
../Core/Src/main.c:302:6:SystemClock_Config	96	static
../Core/Src/main.c:362:6:PeriphCommonClock_Config	160	static
../Core/Src/main.c:389:13:MX_ADC1_Init	32	static
../Core/Src/main.c:447:13:MX_DFSDM1_Init	8	static
../Core/Src/main.c:485:13:MX_I2C1_Init	8	static
../Core/Src/main.c:533:13:MX_I2C2_Init	8	static
../Core/Src/main.c:581:13:MX_OCTOSPI1_Init	32	static
../Core/Src/main.c:629:13:MX_SPI1_Init	8	static
../Core/Src/main.c:669:13:MX_SPI3_Init	8	static
../Core/Src/main.c:709:13:MX_TIM2_Init	40	static
../Core/Src/main.c:754:13:MX_UART4_Init	8	static
../Core/Src/main.c:802:13:MX_USART1_UART_Init	8	static
../Core/Src/main.c:850:13:MX_USART2_UART_Init	8	static
../Core/Src/main.c:898:13:MX_USART3_UART_Init	8	static
../Core/Src/main.c:946:13:MX_USB_OTG_FS_USB_Init	4	static
../Core/Src/main.c:967:13:MX_GPIO_Init	56	static
../Core/Src/main.c:1109:6:StartDefaultTask	16	static
../Core/Src/main.c:1127:6:StartLEDFlash	16	static
../Core/Src/main.c:1147:6:StartUartCmdRx	16	static
../Core/Src/main.c:1165:6:StartUartSendSample	16	static
../Core/Src/main.c:1183:6:StartADCCmd	16	static
../Core/Src/main.c:1201:6:StartTempRead	16	static
../Core/Src/main.c:1219:6:StartAlarmMsgQ	16	static
../Core/Src/main.c:1234:6:Error_Handler	4	static,ignoring_inline_asm
