../Core/Src/main.c:122:5:main	1
../Core/Src/main.c:229:6:SystemClock_Config	4
../Core/Src/main.c:289:6:PeriphCommonClock_Config	2
../Core/Src/main.c:316:13:MX_ADC1_Init	3
../Core/Src/main.c:374:13:MX_DFSDM1_Init	2
../Core/Src/main.c:412:13:MX_I2C1_Init	4
../Core/Src/main.c:460:13:MX_I2C2_Init	4
../Core/Src/main.c:508:13:MX_OCTOSPI1_Init	3
../Core/Src/main.c:556:13:MX_SPI3_Init	2
../Core/Src/main.c:596:13:MX_UART4_Init	5
../Core/Src/main.c:644:13:MX_USART1_UART_Init	5
../Core/Src/main.c:692:13:MX_USART2_UART_Init	5
../Core/Src/main.c:740:13:MX_USART3_UART_Init	5
../Core/Src/main.c:788:13:MX_USB_OTG_FS_USB_Init	1
../Core/Src/main.c:809:13:MX_GPIO_Init	1
../Core/Src/main.c:959:6:StartMyLedTask	1
../Core/Src/main.c:980:6:StartMyUartTask	2
../Core/Src/main.c:1007:6:StartMyCounterTask	1
../Core/Src/main.c:1028:6:HAL_TIM_PeriodElapsedCallback	2
../Core/Src/main.c:1045:6:Error_Handler	1
